[2023-04-03T18:21:05.255+0800][0.014s] Using G1
[2023-04-03T18:21:05.453+0800][0.212s] Version: 17.0.4.1+1 (release)
[2023-04-03T18:21:05.454+0800][0.213s] CPUs: 20 total, 20 available
[2023-04-03T18:21:05.454+0800][0.213s] Memory: 16055M
[2023-04-03T18:21:05.454+0800][0.213s] Large Page Support: Disabled
[2023-04-03T18:21:05.454+0800][0.213s] NUMA Support: Disabled
[2023-04-03T18:21:05.454+0800][0.213s] Compressed Oops: Enabled (32-bit)
[2023-04-03T18:21:05.454+0800][0.213s] Heap Region Size: 1M
[2023-04-03T18:21:05.454+0800][0.213s] Heap Min Capacity: 512M
[2023-04-03T18:21:05.454+0800][0.213s] Heap Initial Capacity: 512M
[2023-04-03T18:21:05.454+0800][0.213s] Heap Max Capacity: 512M
[2023-04-03T18:21:05.454+0800][0.213s] Pre-touch: Enabled
[2023-04-03T18:21:05.454+0800][0.213s] Parallel Workers: 15
[2023-04-03T18:21:05.454+0800][0.213s] Concurrent Workers: 4
[2023-04-03T18:21:05.454+0800][0.213s] Concurrent Refinement Workers: 15
[2023-04-03T18:21:05.454+0800][0.213s] Periodic GC: Disabled
[2023-04-03T18:21:05.454+0800][0.213s] CDS archive(s) mapped at: [0x0000000800000000-0x0000000800bc0000-0x0000000800bc0000), size 12320768, SharedBaseAddress: 0x0000000800000000, ArchiveRelocationMode: 0.
[2023-04-03T18:21:05.455+0800][0.214s] Compressed class space mapped at: 0x0000000800c00000-0x0000000840c00000, reserved size: 1073741824
[2023-04-03T18:21:05.455+0800][0.214s] Narrow klass base: 0x0000000800000000, Narrow klass shift: 0, Narrow klass range: 0x100000000
[2023-04-03T18:21:27.410+0800][22.169s] GC(0) Pause Young (Normal) (G1 Evacuation Pause)
[2023-04-03T18:21:27.412+0800][22.171s] GC(0) Using 12 workers of 15 for evacuation
[2023-04-03T18:21:27.419+0800][22.178s] GC(0)   Pre Evacuate Collection Set: 0.2ms
[2023-04-03T18:21:27.419+0800][22.178s] GC(0)   Merge Heap Roots: 0.2ms
[2023-04-03T18:21:27.419+0800][22.178s] GC(0)   Evacuate Collection Set: 5.2ms
[2023-04-03T18:21:27.419+0800][22.178s] GC(0)   Post Evacuate Collection Set: 0.8ms
[2023-04-03T18:21:27.419+0800][22.178s] GC(0)   Other: 2.2ms
[2023-04-03T18:21:27.419+0800][22.178s] GC(0) Eden regions: 29->0(41)
[2023-04-03T18:21:27.419+0800][22.178s] GC(0) Survivor regions: 0->4(4)
[2023-04-03T18:21:27.419+0800][22.178s] GC(0) Old regions: 0->1
[2023-04-03T18:21:27.420+0800][22.179s] GC(0) Archive regions: 0->0
[2023-04-03T18:21:27.420+0800][22.179s] GC(0) Humongous regions: 0->0
[2023-04-03T18:21:27.420+0800][22.179s] GC(0) Metaspace: 7662K(7936K)->7662K(7936K) NonClass: 6775K(6912K)->6775K(6912K) Class: 886K(1024K)->886K(1024K)
[2023-04-03T18:21:27.420+0800][22.179s] GC(0) Pause Young (Normal) (G1 Evacuation Pause) 29M->4M(512M) 9.331ms
[2023-04-03T18:21:27.420+0800][22.179s] GC(0) User=0.00s Sys=0.00s Real=0.01s
[2023-04-03T18:21:29.497+0800][24.255s] GC(1) Pause Young (Normal) (G1 Evacuation Pause)
[2023-04-03T18:21:29.497+0800][24.256s] GC(1) Using 15 workers of 15 for evacuation
[2023-04-03T18:21:29.506+0800][24.265s] GC(1)   Pre Evacuate Collection Set: 0.1ms
[2023-04-03T18:21:29.506+0800][24.265s] GC(1)   Merge Heap Roots: 0.1ms
[2023-04-03T18:21:29.506+0800][24.265s] GC(1)   Evacuate Collection Set: 8.3ms
[2023-04-03T18:21:29.507+0800][24.265s] GC(1)   Post Evacuate Collection Set: 0.6ms
[2023-04-03T18:21:29.507+0800][24.265s] GC(1)   Other: 0.3ms
[2023-04-03T18:21:29.507+0800][24.265s] GC(1) Eden regions: 41->0(135)
[2023-04-03T18:21:29.507+0800][24.265s] GC(1) Survivor regions: 4->6(6)
[2023-04-03T18:21:29.507+0800][24.265s] GC(1) Old regions: 1->9
[2023-04-03T18:21:29.507+0800][24.265s] GC(1) Archive regions: 0->0
[2023-04-03T18:21:29.507+0800][24.265s] GC(1) Humongous regions: 4->4
[2023-04-03T18:21:29.507+0800][24.265s] GC(1) Metaspace: 18452K(18752K)->18452K(18752K) NonClass: 16319K(16448K)->16319K(16448K) Class: 2133K(2304K)->2133K(2304K)
[2023-04-03T18:21:29.507+0800][24.265s] GC(1) Pause Young (Normal) (G1 Evacuation Pause) 49M->18M(512M) 9.775ms
[2023-04-03T18:21:29.507+0800][24.265s] GC(1) User=0.02s Sys=0.00s Real=0.01s
[2023-04-03T18:22:16.153+0800][70.911s] GC(2) Pause Young (Concurrent Start) (Metadata GC Threshold)
[2023-04-03T18:22:16.153+0800][70.912s] GC(2) Using 15 workers of 15 for evacuation
[2023-04-03T18:22:16.160+0800][70.919s] GC(2)   Pre Evacuate Collection Set: 0.2ms
[2023-04-03T18:22:16.160+0800][70.919s] GC(2)   Merge Heap Roots: 0.2ms
[2023-04-03T18:22:16.160+0800][70.919s] GC(2)   Evacuate Collection Set: 4.4ms
[2023-04-03T18:22:16.160+0800][70.919s] GC(2)   Post Evacuate Collection Set: 0.9ms
[2023-04-03T18:22:16.160+0800][70.919s] GC(2)   Other: 1.6ms
[2023-04-03T18:22:16.160+0800][70.919s] GC(2) Eden regions: 75->0(296)
[2023-04-03T18:22:16.160+0800][70.919s] GC(2) Survivor regions: 6->11(18)
[2023-04-03T18:22:16.160+0800][70.919s] GC(2) Old regions: 9->9
[2023-04-03T18:22:16.160+0800][70.919s] GC(2) Archive regions: 0->0
[2023-04-03T18:22:16.160+0800][70.919s] GC(2) Humongous regions: 4->4
[2023-04-03T18:22:16.161+0800][70.919s] GC(2) Metaspace: 21175K(21504K)->21175K(21504K) NonClass: 18752K(18944K)->18752K(18944K) Class: 2422K(2560K)->2422K(2560K)
[2023-04-03T18:22:16.161+0800][70.919s] GC(2) Pause Young (Concurrent Start) (Metadata GC Threshold) 93M->23M(512M) 7.640ms
[2023-04-03T18:22:16.161+0800][70.919s] GC(2) User=0.02s Sys=0.00s Real=0.01s
[2023-04-03T18:22:16.161+0800][70.919s] GC(3) Concurrent Mark Cycle
[2023-04-03T18:22:16.161+0800][70.919s] GC(3) Concurrent Clear Claimed Marks
[2023-04-03T18:22:16.161+0800][70.919s] GC(3) Concurrent Clear Claimed Marks 0.047ms
[2023-04-03T18:22:16.161+0800][70.919s] GC(3) Concurrent Scan Root Regions
[2023-04-03T18:22:16.163+0800][70.922s] GC(3) Concurrent Scan Root Regions 3.047ms
[2023-04-03T18:22:16.164+0800][70.923s] GC(3) Concurrent Mark
[2023-04-03T18:22:16.164+0800][70.923s] GC(3) Concurrent Mark From Roots
[2023-04-03T18:22:16.164+0800][70.923s] GC(3) Using 4 workers of 4 for marking
[2023-04-03T18:22:16.172+0800][70.931s] GC(3) Concurrent Mark From Roots 8.494ms
[2023-04-03T18:22:16.172+0800][70.931s] GC(3) Concurrent Preclean
[2023-04-03T18:22:16.173+0800][70.931s] GC(3) Concurrent Preclean 0.217ms
[2023-04-03T18:22:16.173+0800][70.932s] GC(3) Pause Remark
[2023-04-03T18:22:16.181+0800][70.939s] GC(3) Pause Remark 23M->23M(512M) 6.860ms
[2023-04-03T18:22:16.181+0800][70.939s] GC(3) User=0.02s Sys=0.00s Real=0.01s
[2023-04-03T18:22:16.181+0800][70.939s] GC(3) Concurrent Mark 16.593ms
[2023-04-03T18:22:16.181+0800][70.939s] GC(3) Concurrent Rebuild Remembered Sets
[2023-04-03T18:22:16.185+0800][70.944s] GC(3) Concurrent Rebuild Remembered Sets 4.764ms
[2023-04-03T18:22:16.185+0800][70.944s] GC(3) Pause Cleanup
[2023-04-03T18:22:16.186+0800][70.945s] GC(3) Pause Cleanup 23M->23M(512M) 0.277ms
[2023-04-03T18:22:16.186+0800][70.945s] GC(3) User=0.00s Sys=0.00s Real=0.00s
[2023-04-03T18:22:16.186+0800][70.945s] GC(3) Concurrent Cleanup for Next Mark
[2023-04-03T18:22:16.186+0800][70.945s] GC(3) Concurrent Cleanup for Next Mark 0.712ms
[2023-04-03T18:22:16.187+0800][70.946s] GC(3) Concurrent Mark Cycle 26.320ms
[2023-04-03T18:22:19.260+0800][74.018s] GC(4) Pause Young (Concurrent Start) (Metadata GC Threshold)
[2023-04-03T18:22:19.260+0800][74.018s] GC(4) Using 15 workers of 15 for evacuation
[2023-04-03T18:22:19.270+0800][74.029s] GC(4)   Pre Evacuate Collection Set: 0.3ms
[2023-04-03T18:22:19.270+0800][74.029s] GC(4)   Merge Heap Roots: 0.2ms
[2023-04-03T18:22:19.270+0800][74.029s] GC(4)   Evacuate Collection Set: 8.7ms
[2023-04-03T18:22:19.270+0800][74.029s] GC(4)   Post Evacuate Collection Set: 1.3ms
[2023-04-03T18:22:19.270+0800][74.029s] GC(4)   Other: 0.5ms
[2023-04-03T18:22:19.270+0800][74.029s] GC(4) Eden regions: 98->0(289)
[2023-04-03T18:22:19.270+0800][74.029s] GC(4) Survivor regions: 11->18(39)
[2023-04-03T18:22:19.270+0800][74.029s] GC(4) Old regions: 9->9
[2023-04-03T18:22:19.270+0800][74.029s] GC(4) Archive regions: 0->0
[2023-04-03T18:22:19.270+0800][74.029s] GC(4) Humongous regions: 5->4
[2023-04-03T18:22:19.271+0800][74.029s] GC(4) Metaspace: 35750K(36096K)->35750K(36096K) NonClass: 31524K(31680K)->31524K(31680K) Class: 4225K(4416K)->4225K(4416K)
[2023-04-03T18:22:19.271+0800][74.029s] GC(4) Pause Young (Concurrent Start) (Metadata GC Threshold) 121M->30M(512M) 11.151ms
[2023-04-03T18:22:19.271+0800][74.029s] GC(4) User=0.03s Sys=0.00s Real=0.01s
[2023-04-03T18:22:19.271+0800][74.029s] GC(5) Concurrent Mark Cycle
[2023-04-03T18:22:19.271+0800][74.030s] GC(5) Concurrent Clear Claimed Marks
[2023-04-03T18:22:19.271+0800][74.030s] GC(5) Concurrent Clear Claimed Marks 0.071ms
[2023-04-03T18:22:19.271+0800][74.030s] GC(5) Concurrent Scan Root Regions
[2023-04-03T18:22:19.274+0800][74.033s] GC(5) Concurrent Scan Root Regions 3.391ms
[2023-04-03T18:22:19.275+0800][74.033s] GC(5) Concurrent Mark
[2023-04-03T18:22:19.275+0800][74.033s] GC(5) Concurrent Mark From Roots
[2023-04-03T18:22:19.275+0800][74.033s] GC(5) Using 4 workers of 4 for marking
[2023-04-03T18:22:19.282+0800][74.040s] GC(5) Concurrent Mark From Roots 6.982ms
[2023-04-03T18:22:19.282+0800][74.040s] GC(5) Concurrent Preclean
[2023-04-03T18:22:19.282+0800][74.041s] GC(5) Concurrent Preclean 0.339ms
[2023-04-03T18:22:19.282+0800][74.041s] GC(5) Pause Remark
[2023-04-03T18:22:19.286+0800][74.045s] GC(5) Pause Remark 31M->31M(512M) 4.328ms
[2023-04-03T18:22:19.286+0800][74.045s] GC(5) User=0.08s Sys=0.00s Real=0.00s
[2023-04-03T18:22:19.287+0800][74.046s] GC(5) Concurrent Mark 12.427ms
[2023-04-03T18:22:19.287+0800][74.046s] GC(5) Concurrent Rebuild Remembered Sets
[2023-04-03T18:22:19.290+0800][74.049s] GC(5) Concurrent Rebuild Remembered Sets 3.521ms
[2023-04-03T18:22:19.291+0800][74.050s] GC(5) Pause Cleanup
[2023-04-03T18:22:19.291+0800][74.050s] GC(5) Pause Cleanup 31M->31M(512M) 0.247ms
[2023-04-03T18:22:19.291+0800][74.050s] GC(5) User=0.00s Sys=0.00s Real=0.00s
[2023-04-03T18:22:19.291+0800][74.050s] GC(5) Concurrent Cleanup for Next Mark
[2023-04-03T18:22:19.292+0800][74.051s] GC(5) Concurrent Cleanup for Next Mark 0.805ms
[2023-04-03T18:22:19.292+0800][74.051s] GC(5) Concurrent Mark Cycle 21.567ms
[2023-04-03T18:23:06.374+0800][121.132s] GC(6) Pause Young (Normal) (G1 Evacuation Pause)
[2023-04-03T18:23:06.374+0800][121.132s] GC(6) Using 15 workers of 15 for evacuation
[2023-04-03T18:23:06.395+0800][121.153s] GC(6)   Pre Evacuate Collection Set: 0.3ms
[2023-04-03T18:23:06.395+0800][121.153s] GC(6)   Merge Heap Roots: 0.2ms
[2023-04-03T18:23:06.395+0800][121.154s] GC(6)   Evacuate Collection Set: 18.0ms
[2023-04-03T18:23:06.395+0800][121.154s] GC(6)   Post Evacuate Collection Set: 2.2ms
[2023-04-03T18:23:06.395+0800][121.154s] GC(6)   Other: 0.5ms
[2023-04-03T18:23:06.395+0800][121.154s] GC(6) Eden regions: 289->0(273)
[2023-04-03T18:23:06.395+0800][121.154s] GC(6) Survivor regions: 18->34(39)
[2023-04-03T18:23:06.396+0800][121.154s] GC(6) Old regions: 9->9
[2023-04-03T18:23:06.396+0800][121.154s] GC(6) Archive regions: 0->0
[2023-04-03T18:23:06.396+0800][121.154s] GC(6) Humongous regions: 4->4
[2023-04-03T18:23:06.396+0800][121.154s] GC(6) Metaspace: 55860K(56384K)->55860K(56384K) NonClass: 49070K(49344K)->49070K(49344K) Class: 6790K(7040K)->6790K(7040K)
[2023-04-03T18:23:06.396+0800][121.154s] GC(6) Pause Young (Normal) (G1 Evacuation Pause) 319M->45M(512M) 21.830ms
[2023-04-03T18:23:06.396+0800][121.154s] GC(6) User=0.08s Sys=0.00s Real=0.02s
[2023-04-03T18:25:02.069+0800][236.827s] GC(7) Pause Young (Normal) (G1 Evacuation Pause)
[2023-04-03T18:25:02.069+0800][236.827s] GC(7) Using 15 workers of 15 for evacuation
[2023-04-03T18:25:02.083+0800][236.841s] GC(7)   Pre Evacuate Collection Set: 0.2ms
[2023-04-03T18:25:02.083+0800][236.841s] GC(7)   Merge Heap Roots: 0.2ms
[2023-04-03T18:25:02.083+0800][236.841s] GC(7)   Evacuate Collection Set: 12.0ms
[2023-04-03T18:25:02.083+0800][236.841s] GC(7)   Post Evacuate Collection Set: 1.3ms
[2023-04-03T18:25:02.083+0800][236.841s] GC(7)   Other: 0.2ms
[2023-04-03T18:25:02.083+0800][236.841s] GC(7) Eden regions: 273->0(290)
[2023-04-03T18:25:02.083+0800][236.841s] GC(7) Survivor regions: 34->17(39)
[2023-04-03T18:25:02.083+0800][236.842s] GC(7) Old regions: 9->26
[2023-04-03T18:25:02.083+0800][236.842s] GC(7) Archive regions: 0->0
[2023-04-03T18:25:02.083+0800][236.842s] GC(7) Humongous regions: 4->4
[2023-04-03T18:25:02.083+0800][236.842s] GC(7) Metaspace: 56837K(57280K)->56837K(57280K) NonClass: 49939K(50176K)->49939K(50176K) Class: 6898K(7104K)->6898K(7104K)
[2023-04-03T18:25:02.083+0800][236.842s] GC(7) Pause Young (Normal) (G1 Evacuation Pause) 318M->46M(512M) 14.267ms
[2023-04-03T18:25:02.083+0800][236.842s] GC(7) User=0.03s Sys=0.00s Real=0.01s
[2023-04-03T18:42:17.382+0800][1272.140s] GC(8) Pause Young (Normal) (G1 Evacuation Pause)
[2023-04-03T18:42:17.382+0800][1272.140s] GC(8) Using 15 workers of 15 for evacuation
[2023-04-03T18:42:17.393+0800][1272.151s] GC(8)   Pre Evacuate Collection Set: 0.2ms
[2023-04-03T18:42:17.393+0800][1272.152s] GC(8)   Merge Heap Roots: 0.3ms
[2023-04-03T18:42:17.393+0800][1272.152s] GC(8)   Evacuate Collection Set: 8.5ms
[2023-04-03T18:42:17.393+0800][1272.152s] GC(8)   Post Evacuate Collection Set: 1.7ms
[2023-04-03T18:42:17.393+0800][1272.152s] GC(8)   Other: 0.3ms
[2023-04-03T18:42:17.393+0800][1272.152s] GC(8) Eden regions: 290->0(291)
[2023-04-03T18:42:17.393+0800][1272.152s] GC(8) Survivor regions: 17->16(39)
[2023-04-03T18:42:17.393+0800][1272.152s] GC(8) Old regions: 26->26
[2023-04-03T18:42:17.393+0800][1272.152s] GC(8) Archive regions: 0->0
[2023-04-03T18:42:17.393+0800][1272.152s] GC(8) Humongous regions: 4->4
[2023-04-03T18:42:17.393+0800][1272.152s] GC(8) Metaspace: 58831K(59328K)->58831K(59328K) NonClass: 51736K(52032K)->51736K(52032K) Class: 7094K(7296K)->7094K(7296K)
[2023-04-03T18:42:17.394+0800][1272.152s] GC(8) Pause Young (Normal) (G1 Evacuation Pause) 336M->44M(512M) 11.512ms
[2023-04-03T18:42:17.394+0800][1272.152s] GC(8) User=0.00s Sys=0.00s Real=0.01s
