[2023-04-05T16:15:37.158+0800][0.017s] Using G1
[2023-04-05T16:15:37.564+0800][0.423s] Version: 17.0.4.1+1 (release)
[2023-04-05T16:15:37.564+0800][0.423s] CPUs: 20 total, 20 available
[2023-04-05T16:15:37.564+0800][0.424s] Memory: 16055M
[2023-04-05T16:15:37.564+0800][0.424s] Large Page Support: Disabled
[2023-04-05T16:15:37.564+0800][0.424s] NUMA Support: Disabled
[2023-04-05T16:15:37.564+0800][0.424s] Compressed Oops: Enabled (32-bit)
[2023-04-05T16:15:37.564+0800][0.424s] Heap Region Size: 1M
[2023-04-05T16:15:37.564+0800][0.424s] Heap Min Capacity: 512M
[2023-04-05T16:15:37.564+0800][0.424s] Heap Initial Capacity: 512M
[2023-04-05T16:15:37.564+0800][0.424s] Heap Max Capacity: 512M
[2023-04-05T16:15:37.564+0800][0.424s] Pre-touch: Enabled
[2023-04-05T16:15:37.564+0800][0.424s] Parallel Workers: 15
[2023-04-05T16:15:37.565+0800][0.424s] Concurrent Workers: 4
[2023-04-05T16:15:37.565+0800][0.424s] Concurrent Refinement Workers: 15
[2023-04-05T16:15:37.565+0800][0.424s] Periodic GC: Disabled
[2023-04-05T16:15:37.565+0800][0.425s] CDS archive(s) mapped at: [0x0000000800000000-0x0000000800bc0000-0x0000000800bc0000), size 12320768, SharedBaseAddress: 0x0000000800000000, ArchiveRelocationMode: 0.
[2023-04-05T16:15:37.565+0800][0.425s] Compressed class space mapped at: 0x0000000800c00000-0x0000000840c00000, reserved size: 1073741824
[2023-04-05T16:15:37.565+0800][0.425s] Narrow klass base: 0x0000000800000000, Narrow klass shift: 0, Narrow klass range: 0x100000000
[2023-04-05T16:15:39.415+0800][2.275s] GC(0) Pause Young (Normal) (G1 Evacuation Pause)
[2023-04-05T16:15:39.416+0800][2.276s] GC(0) Using 12 workers of 15 for evacuation
[2023-04-05T16:15:39.420+0800][2.280s] GC(0)   Pre Evacuate Collection Set: 0.1ms
[2023-04-05T16:15:39.420+0800][2.280s] GC(0)   Merge Heap Roots: 0.1ms
[2023-04-05T16:15:39.420+0800][2.280s] GC(0)   Evacuate Collection Set: 3.1ms
[2023-04-05T16:15:39.420+0800][2.280s] GC(0)   Post Evacuate Collection Set: 0.6ms
[2023-04-05T16:15:39.420+0800][2.280s] GC(0)   Other: 0.8ms
[2023-04-05T16:15:39.420+0800][2.280s] GC(0) Eden regions: 29->0(41)
[2023-04-05T16:15:39.420+0800][2.280s] GC(0) Survivor regions: 0->4(4)
[2023-04-05T16:15:39.420+0800][2.280s] GC(0) Old regions: 0->1
[2023-04-05T16:15:39.420+0800][2.280s] GC(0) Archive regions: 0->0
[2023-04-05T16:15:39.420+0800][2.280s] GC(0) Humongous regions: 0->0
[2023-04-05T16:15:39.420+0800][2.280s] GC(0) Metaspace: 7763K(8000K)->7763K(8000K) NonClass: 6856K(6976K)->6856K(6976K) Class: 906K(1024K)->906K(1024K)
[2023-04-05T16:15:39.420+0800][2.280s] GC(0) Pause Young (Normal) (G1 Evacuation Pause) 29M->4M(512M) 4.861ms
[2023-04-05T16:15:39.420+0800][2.280s] GC(0) User=0.00s Sys=0.00s Real=0.01s
[2023-04-05T16:15:40.577+0800][3.436s] GC(1) Pause Young (Normal) (G1 Evacuation Pause)
[2023-04-05T16:15:40.578+0800][3.437s] GC(1) Using 15 workers of 15 for evacuation
[2023-04-05T16:15:40.595+0800][3.454s] GC(1)   Pre Evacuate Collection Set: 0.2ms
[2023-04-05T16:15:40.595+0800][3.454s] GC(1)   Merge Heap Roots: 0.8ms
[2023-04-05T16:15:40.595+0800][3.454s] GC(1)   Evacuate Collection Set: 13.5ms
[2023-04-05T16:15:40.595+0800][3.454s] GC(1)   Post Evacuate Collection Set: 2.6ms
[2023-04-05T16:15:40.595+0800][3.454s] GC(1)   Other: 0.6ms
[2023-04-05T16:15:40.596+0800][3.454s] GC(1) Eden regions: 41->0(141)
[2023-04-05T16:15:40.596+0800][3.454s] GC(1) Survivor regions: 4->6(6)
[2023-04-05T16:15:40.596+0800][3.454s] GC(1) Old regions: 1->9
[2023-04-05T16:15:40.596+0800][3.454s] GC(1) Archive regions: 0->0
[2023-04-05T16:15:40.596+0800][3.454s] GC(1) Humongous regions: 4->4
[2023-04-05T16:15:40.596+0800][3.454s] GC(1) Metaspace: 18412K(18688K)->18412K(18688K) NonClass: 16279K(16384K)->16279K(16384K) Class: 2132K(2304K)->2132K(2304K)
[2023-04-05T16:15:40.596+0800][3.454s] GC(1) Pause Young (Normal) (G1 Evacuation Pause) 49M->18M(512M) 18.040ms
[2023-04-05T16:15:40.596+0800][3.455s] GC(1) User=0.02s Sys=0.02s Real=0.02s
[2023-04-05T16:15:43.150+0800][6.009s] GC(2) Pause Young (Concurrent Start) (Metadata GC Threshold)
[2023-04-05T16:15:43.150+0800][6.009s] GC(2) Using 15 workers of 15 for evacuation
[2023-04-05T16:15:43.154+0800][6.014s] GC(2)   Pre Evacuate Collection Set: 0.1ms
[2023-04-05T16:15:43.154+0800][6.014s] GC(2)   Merge Heap Roots: 0.2ms
[2023-04-05T16:15:43.154+0800][6.014s] GC(2)   Evacuate Collection Set: 3.3ms
[2023-04-05T16:15:43.154+0800][6.014s] GC(2)   Post Evacuate Collection Set: 0.4ms
[2023-04-05T16:15:43.154+0800][6.014s] GC(2)   Other: 0.5ms
[2023-04-05T16:15:43.154+0800][6.014s] GC(2) Eden regions: 75->0(296)
[2023-04-05T16:15:43.155+0800][6.014s] GC(2) Survivor regions: 6->11(19)
[2023-04-05T16:15:43.155+0800][6.014s] GC(2) Old regions: 9->9
[2023-04-05T16:15:43.155+0800][6.014s] GC(2) Archive regions: 0->0
[2023-04-05T16:15:43.155+0800][6.014s] GC(2) Humongous regions: 4->4
[2023-04-05T16:15:43.155+0800][6.014s] GC(2) Metaspace: 21190K(21504K)->21190K(21504K) NonClass: 18761K(18880K)->18761K(18880K) Class: 2429K(2624K)->2429K(2624K)
[2023-04-05T16:15:43.155+0800][6.014s] GC(2) Pause Young (Concurrent Start) (Metadata GC Threshold) 93M->23M(512M) 4.681ms
[2023-04-05T16:15:43.155+0800][6.014s] GC(2) User=0.00s Sys=0.00s Real=0.00s
[2023-04-05T16:15:43.155+0800][6.014s] GC(3) Concurrent Mark Cycle
[2023-04-05T16:15:43.155+0800][6.014s] GC(3) Concurrent Clear Claimed Marks
[2023-04-05T16:15:43.155+0800][6.014s] GC(3) Concurrent Clear Claimed Marks 0.026ms
[2023-04-05T16:15:43.155+0800][6.014s] GC(3) Concurrent Scan Root Regions
[2023-04-05T16:15:43.158+0800][6.016s] GC(3) Concurrent Scan Root Regions 2.406ms
[2023-04-05T16:15:43.158+0800][6.017s] GC(3) Concurrent Mark
[2023-04-05T16:15:43.158+0800][6.017s] GC(3) Concurrent Mark From Roots
[2023-04-05T16:15:43.158+0800][6.017s] GC(3) Using 4 workers of 4 for marking
[2023-04-05T16:15:43.164+0800][6.024s] GC(3) Concurrent Mark From Roots 7.025ms
[2023-04-05T16:15:43.164+0800][6.024s] GC(3) Concurrent Preclean
[2023-04-05T16:15:43.165+0800][6.024s] GC(3) Concurrent Preclean 0.101ms
[2023-04-05T16:15:43.165+0800][6.024s] GC(3) Pause Remark
[2023-04-05T16:15:43.169+0800][6.028s] GC(3) Pause Remark 23M->23M(512M) 3.791ms
[2023-04-05T16:15:43.169+0800][6.028s] GC(3) User=0.02s Sys=0.00s Real=0.00s
[2023-04-05T16:15:43.169+0800][6.028s] GC(3) Concurrent Mark 11.513ms
[2023-04-05T16:15:43.169+0800][6.028s] GC(3) Concurrent Rebuild Remembered Sets
[2023-04-05T16:15:43.172+0800][6.030s] GC(3) Concurrent Rebuild Remembered Sets 2.308ms
[2023-04-05T16:15:43.172+0800][6.031s] GC(3) Pause Cleanup
[2023-04-05T16:15:43.172+0800][6.031s] GC(3) Pause Cleanup 23M->23M(512M) 0.164ms
[2023-04-05T16:15:43.172+0800][6.031s] GC(3) User=0.00s Sys=0.00s Real=0.00s
[2023-04-05T16:15:43.172+0800][6.031s] GC(3) Concurrent Cleanup for Next Mark
[2023-04-05T16:15:43.172+0800][6.031s] GC(3) Concurrent Cleanup for Next Mark 0.285ms
[2023-04-05T16:15:43.172+0800][6.031s] GC(3) Concurrent Mark Cycle 17.313ms
[2023-04-05T16:15:46.412+0800][9.271s] GC(4) Pause Young (Concurrent Start) (Metadata GC Threshold)
[2023-04-05T16:15:46.412+0800][9.271s] GC(4) Using 15 workers of 15 for evacuation
[2023-04-05T16:15:46.423+0800][9.282s] GC(4)   Pre Evacuate Collection Set: 0.2ms
[2023-04-05T16:15:46.423+0800][9.282s] GC(4)   Merge Heap Roots: 0.1ms
[2023-04-05T16:15:46.423+0800][9.282s] GC(4)   Evacuate Collection Set: 8.9ms
[2023-04-05T16:15:46.423+0800][9.282s] GC(4)   Post Evacuate Collection Set: 1.6ms
[2023-04-05T16:15:46.423+0800][9.282s] GC(4)   Other: 0.4ms
[2023-04-05T16:15:46.423+0800][9.282s] GC(4) Eden regions: 122->0(289)
[2023-04-05T16:15:46.423+0800][9.282s] GC(4) Survivor regions: 11->18(39)
[2023-04-05T16:15:46.423+0800][9.282s] GC(4) Old regions: 9->9
[2023-04-05T16:15:46.424+0800][9.282s] GC(4) Archive regions: 0->0
[2023-04-05T16:15:46.424+0800][9.283s] GC(4) Humongous regions: 5->4
[2023-04-05T16:15:46.424+0800][9.283s] GC(4) Metaspace: 35606K(35968K)->35606K(35968K) NonClass: 31399K(31552K)->31399K(31552K) Class: 4206K(4416K)->4206K(4416K)
[2023-04-05T16:15:46.424+0800][9.283s] GC(4) Pause Young (Concurrent Start) (Metadata GC Threshold) 146M->30M(512M) 11.679ms
[2023-04-05T16:15:46.424+0800][9.283s] GC(4) User=0.05s Sys=0.00s Real=0.01s
[2023-04-05T16:15:46.424+0800][9.283s] GC(5) Concurrent Mark Cycle
[2023-04-05T16:15:46.424+0800][9.283s] GC(5) Concurrent Clear Claimed Marks
[2023-04-05T16:15:46.424+0800][9.283s] GC(5) Concurrent Clear Claimed Marks 0.063ms
[2023-04-05T16:15:46.424+0800][9.283s] GC(5) Concurrent Scan Root Regions
[2023-04-05T16:15:46.426+0800][9.286s] GC(5) Concurrent Scan Root Regions 2.857ms
[2023-04-05T16:15:46.426+0800][9.286s] GC(5) Concurrent Mark
[2023-04-05T16:15:46.426+0800][9.286s] GC(5) Concurrent Mark From Roots
[2023-04-05T16:15:46.426+0800][9.286s] GC(5) Using 4 workers of 4 for marking
[2023-04-05T16:15:46.433+0800][9.291s] GC(5) Concurrent Mark From Roots 5.172ms
[2023-04-05T16:15:46.433+0800][9.292s] GC(5) Concurrent Preclean
[2023-04-05T16:15:46.433+0800][9.292s] GC(5) Concurrent Preclean 0.158ms
[2023-04-05T16:15:46.433+0800][9.292s] GC(5) Pause Remark
[2023-04-05T16:15:46.437+0800][9.296s] GC(5) Pause Remark 30M->30M(512M) 3.547ms
[2023-04-05T16:15:46.437+0800][9.296s] GC(5) User=0.00s Sys=0.00s Real=0.00s
[2023-04-05T16:15:46.437+0800][9.296s] GC(5) Concurrent Mark 9.865ms
[2023-04-05T16:15:46.437+0800][9.296s] GC(5) Concurrent Rebuild Remembered Sets
[2023-04-05T16:15:46.439+0800][9.299s] GC(5) Concurrent Rebuild Remembered Sets 2.896ms
[2023-04-05T16:15:46.440+0800][9.299s] GC(5) Pause Cleanup
[2023-04-05T16:15:46.440+0800][9.299s] GC(5) Pause Cleanup 30M->30M(512M) 0.247ms
[2023-04-05T16:15:46.440+0800][9.300s] GC(5) User=0.00s Sys=0.00s Real=0.00s
[2023-04-05T16:15:46.440+0800][9.300s] GC(5) Concurrent Cleanup for Next Mark
[2023-04-05T16:15:46.441+0800][9.300s] GC(5) Concurrent Cleanup for Next Mark 0.518ms
[2023-04-05T16:15:46.441+0800][9.300s] GC(5) Concurrent Mark Cycle 17.309ms
[2023-04-05T18:48:07.680+0800][9150.539s] GC(6) Pause Young (Normal) (G1 Evacuation Pause)
[2023-04-05T18:48:07.683+0800][9150.543s] GC(6) Using 15 workers of 15 for evacuation
[2023-04-05T18:48:07.823+0800][9150.682s] GC(6)   Pre Evacuate Collection Set: 5.6ms
[2023-04-05T18:48:07.823+0800][9150.682s] GC(6)   Merge Heap Roots: 1.8ms
[2023-04-05T18:48:07.823+0800][9150.682s] GC(6)   Evacuate Collection Set: 123.7ms
[2023-04-05T18:48:07.823+0800][9150.682s] GC(6)   Post Evacuate Collection Set: 6.9ms
[2023-04-05T18:48:07.823+0800][9150.683s] GC(6)   Other: 7.4ms
[2023-04-05T18:48:07.823+0800][9150.683s] GC(6) Eden regions: 289->0(275)
[2023-04-05T18:48:07.823+0800][9150.683s] GC(6) Survivor regions: 18->32(39)
[2023-04-05T18:48:07.823+0800][9150.683s] GC(6) Old regions: 9->9
[2023-04-05T18:48:07.823+0800][9150.683s] GC(6) Archive regions: 0->0
[2023-04-05T18:48:07.823+0800][9150.683s] GC(6) Humongous regions: 4->4
[2023-04-05T18:48:07.823+0800][9150.683s] GC(6) Metaspace: 55206K(55680K)->55206K(55680K) NonClass: 48455K(48704K)->48455K(48704K) Class: 6750K(6976K)->6750K(6976K)
[2023-04-05T18:48:07.823+0800][9150.683s] GC(6) Pause Young (Normal) (G1 Evacuation Pause) 319M->44M(512M) 143.736ms
[2023-04-05T18:48:07.823+0800][9150.683s] GC(6) User=0.09s Sys=0.67s Real=0.14s
