[2023-04-07T03:12:33.323+0800][0.055s] Using G1
[2023-04-07T03:12:33.798+0800][0.526s] Version: 17.0.4.1+1 (release)
[2023-04-07T03:12:33.798+0800][0.527s] CPUs: 20 total, 20 available
[2023-04-07T03:12:33.798+0800][0.527s] Memory: 16055M
[2023-04-07T03:12:33.798+0800][0.527s] Large Page Support: Disabled
[2023-04-07T03:12:33.798+0800][0.527s] NUMA Support: Disabled
[2023-04-07T03:12:33.798+0800][0.527s] Compressed Oops: Enabled (32-bit)
[2023-04-07T03:12:33.798+0800][0.527s] Heap Region Size: 1M
[2023-04-07T03:12:33.798+0800][0.527s] Heap Min Capacity: 512M
[2023-04-07T03:12:33.798+0800][0.527s] Heap Initial Capacity: 512M
[2023-04-07T03:12:33.798+0800][0.527s] Heap Max Capacity: 512M
[2023-04-07T03:12:33.798+0800][0.527s] Pre-touch: Enabled
[2023-04-07T03:12:33.798+0800][0.528s] Parallel Workers: 15
[2023-04-07T03:12:33.798+0800][0.528s] Concurrent Workers: 4
[2023-04-07T03:12:33.798+0800][0.528s] Concurrent Refinement Workers: 15
[2023-04-07T03:12:33.798+0800][0.528s] Periodic GC: Disabled
[2023-04-07T03:12:33.801+0800][0.530s] CDS archive(s) mapped at: [0x0000000800000000-0x0000000800bc0000-0x0000000800bc0000), size 12320768, SharedBaseAddress: 0x0000000800000000, ArchiveRelocationMode: 0.
[2023-04-07T03:12:33.801+0800][0.530s] Compressed class space mapped at: 0x0000000800c00000-0x0000000840c00000, reserved size: 1073741824
[2023-04-07T03:12:33.802+0800][0.530s] Narrow klass base: 0x0000000800000000, Narrow klass shift: 0, Narrow klass range: 0x100000000
[2023-04-07T03:12:36.042+0800][2.770s] GC(0) Pause Young (Normal) (G1 Evacuation Pause)
[2023-04-07T03:12:36.042+0800][2.771s] GC(0) Using 12 workers of 15 for evacuation
[2023-04-07T03:12:36.048+0800][2.778s] GC(0)   Pre Evacuate Collection Set: 0.2ms
[2023-04-07T03:12:36.048+0800][2.778s] GC(0)   Merge Heap Roots: 0.2ms
[2023-04-07T03:12:36.048+0800][2.778s] GC(0)   Evacuate Collection Set: 5.5ms
[2023-04-07T03:12:36.048+0800][2.778s] GC(0)   Post Evacuate Collection Set: 0.7ms
[2023-04-07T03:12:36.048+0800][2.778s] GC(0)   Other: 1.2ms
[2023-04-07T03:12:36.048+0800][2.778s] GC(0) Eden regions: 29->0(40)
[2023-04-07T03:12:36.048+0800][2.778s] GC(0) Survivor regions: 0->4(4)
[2023-04-07T03:12:36.048+0800][2.779s] GC(0) Old regions: 0->1
[2023-04-07T03:12:36.048+0800][2.779s] GC(0) Archive regions: 0->0
[2023-04-07T03:12:36.048+0800][2.779s] GC(0) Humongous regions: 0->0
[2023-04-07T03:12:36.048+0800][2.779s] GC(0) Metaspace: 7860K(8064K)->7860K(8064K) NonClass: 6944K(7040K)->6944K(7040K) Class: 915K(1024K)->915K(1024K)
[2023-04-07T03:12:36.048+0800][2.779s] GC(0) Pause Young (Normal) (G1 Evacuation Pause) 29M->4M(512M) 8.388ms
[2023-04-07T03:12:36.048+0800][2.779s] GC(0) User=0.00s Sys=0.00s Real=0.01s
[2023-04-07T03:12:37.394+0800][4.126s] GC(1) Pause Young (Normal) (G1 Evacuation Pause)
[2023-04-07T03:12:37.394+0800][4.126s] GC(1) Using 15 workers of 15 for evacuation
[2023-04-07T03:12:37.410+0800][4.139s] GC(1)   Pre Evacuate Collection Set: 0.3ms
[2023-04-07T03:12:37.410+0800][4.139s] GC(1)   Merge Heap Roots: 0.1ms
[2023-04-07T03:12:37.410+0800][4.139s] GC(1)   Evacuate Collection Set: 11.4ms
[2023-04-07T03:12:37.410+0800][4.139s] GC(1)   Post Evacuate Collection Set: 0.9ms
[2023-04-07T03:12:37.410+0800][4.139s] GC(1)   Other: 0.6ms
[2023-04-07T03:12:37.410+0800][4.139s] GC(1) Eden regions: 40->0(110)
[2023-04-07T03:12:37.410+0800][4.139s] GC(1) Survivor regions: 4->6(6)
[2023-04-07T03:12:37.410+0800][4.139s] GC(1) Old regions: 1->9
[2023-04-07T03:12:37.410+0800][4.139s] GC(1) Archive regions: 0->0
[2023-04-07T03:12:37.410+0800][4.139s] GC(1) Humongous regions: 4->4
[2023-04-07T03:12:37.410+0800][4.139s] GC(1) Metaspace: 18448K(18752K)->18448K(18752K) NonClass: 16315K(16448K)->16315K(16448K) Class: 2133K(2304K)->2133K(2304K)
[2023-04-07T03:12:37.410+0800][4.139s] GC(1) Pause Young (Normal) (G1 Evacuation Pause) 48M->18M(512M) 13.491ms
[2023-04-07T03:12:37.410+0800][4.139s] GC(1) User=0.05s Sys=0.00s Real=0.02s
[2023-04-07T03:12:40.497+0800][7.227s] GC(2) Pause Young (Concurrent Start) (Metadata GC Threshold)
[2023-04-07T03:12:40.497+0800][7.227s] GC(2) Using 15 workers of 15 for evacuation
[2023-04-07T03:12:40.505+0800][7.237s] GC(2)   Pre Evacuate Collection Set: 0.3ms
[2023-04-07T03:12:40.505+0800][7.237s] GC(2)   Merge Heap Roots: 0.2ms
[2023-04-07T03:12:40.505+0800][7.237s] GC(2)   Evacuate Collection Set: 7.1ms
[2023-04-07T03:12:40.505+0800][7.237s] GC(2)   Post Evacuate Collection Set: 1.3ms
[2023-04-07T03:12:40.505+0800][7.237s] GC(2)   Other: 1.5ms
[2023-04-07T03:12:40.505+0800][7.237s] GC(2) Eden regions: 75->0(296)
[2023-04-07T03:12:40.505+0800][7.237s] GC(2) Survivor regions: 6->11(15)
[2023-04-07T03:12:40.505+0800][7.238s] GC(2) Old regions: 9->9
[2023-04-07T03:12:40.505+0800][7.238s] GC(2) Archive regions: 0->0
[2023-04-07T03:12:40.505+0800][7.238s] GC(2) Humongous regions: 4->4
[2023-04-07T03:12:40.505+0800][7.238s] GC(2) Metaspace: 21174K(21504K)->21174K(21504K) NonClass: 18752K(18944K)->18752K(18944K) Class: 2422K(2560K)->2422K(2560K)
[2023-04-07T03:12:40.505+0800][7.238s] GC(2) Pause Young (Concurrent Start) (Metadata GC Threshold) 93M->23M(512M) 11.161ms
[2023-04-07T03:12:40.505+0800][7.238s] GC(2) User=0.00s Sys=0.00s Real=0.01s
[2023-04-07T03:12:40.509+0800][7.238s] GC(3) Concurrent Mark Cycle
[2023-04-07T03:12:40.509+0800][7.238s] GC(3) Concurrent Clear Claimed Marks
[2023-04-07T03:12:40.509+0800][7.239s] GC(3) Concurrent Clear Claimed Marks 0.106ms
[2023-04-07T03:12:40.509+0800][7.239s] GC(3) Concurrent Scan Root Regions
[2023-04-07T03:12:40.514+0800][7.243s] GC(3) Concurrent Scan Root Regions 4.801ms
[2023-04-07T03:12:40.514+0800][7.244s] GC(3) Concurrent Mark
[2023-04-07T03:12:40.514+0800][7.244s] GC(3) Concurrent Mark From Roots
[2023-04-07T03:12:40.514+0800][7.244s] GC(3) Using 4 workers of 4 for marking
[2023-04-07T03:12:40.527+0800][7.256s] GC(3) Concurrent Mark From Roots 11.961ms
[2023-04-07T03:12:40.527+0800][7.256s] GC(3) Concurrent Preclean
[2023-04-07T03:12:40.527+0800][7.256s] GC(3) Concurrent Preclean 0.280ms
[2023-04-07T03:12:40.527+0800][7.257s] GC(3) Pause Remark
[2023-04-07T03:12:40.533+0800][7.263s] GC(3) Pause Remark 23M->23M(512M) 5.958ms
[2023-04-07T03:12:40.533+0800][7.263s] GC(3) User=0.00s Sys=0.00s Real=0.01s
[2023-04-07T03:12:40.533+0800][7.263s] GC(3) Concurrent Mark 19.389ms
[2023-04-07T03:12:40.533+0800][7.263s] GC(3) Concurrent Rebuild Remembered Sets
[2023-04-07T03:12:40.537+0800][7.269s] GC(3) Concurrent Rebuild Remembered Sets 5.637ms
[2023-04-07T03:12:40.537+0800][7.269s] GC(3) Pause Cleanup
[2023-04-07T03:12:40.541+0800][7.270s] GC(3) Pause Cleanup 23M->23M(512M) 0.381ms
[2023-04-07T03:12:40.541+0800][7.270s] GC(3) User=0.00s Sys=0.00s Real=0.00s
[2023-04-07T03:12:40.541+0800][7.270s] GC(3) Concurrent Cleanup for Next Mark
[2023-04-07T03:12:40.541+0800][7.271s] GC(3) Concurrent Cleanup for Next Mark 0.610ms
[2023-04-07T03:12:40.542+0800][7.271s] GC(3) Concurrent Mark Cycle 32.454ms
[2023-04-07T03:12:46.652+0800][13.383s] GC(4) Pause Young (Concurrent Start) (Metadata GC Threshold)
[2023-04-07T03:12:46.652+0800][13.383s] GC(4) Using 15 workers of 15 for evacuation
[2023-04-07T03:12:46.667+0800][13.398s] GC(4)   Pre Evacuate Collection Set: 0.4ms
[2023-04-07T03:12:46.667+0800][13.398s] GC(4)   Merge Heap Roots: 0.2ms
[2023-04-07T03:12:46.667+0800][13.398s] GC(4)   Evacuate Collection Set: 12.6ms
[2023-04-07T03:12:46.667+0800][13.399s] GC(4)   Post Evacuate Collection Set: 1.6ms
[2023-04-07T03:12:46.667+0800][13.399s] GC(4)   Other: 0.6ms
[2023-04-07T03:12:46.667+0800][13.399s] GC(4) Eden regions: 116->0(289)
[2023-04-07T03:12:46.667+0800][13.399s] GC(4) Survivor regions: 11->18(39)
[2023-04-07T03:12:46.667+0800][13.399s] GC(4) Old regions: 9->9
[2023-04-07T03:12:46.667+0800][13.399s] GC(4) Archive regions: 0->0
[2023-04-07T03:12:46.667+0800][13.399s] GC(4) Humongous regions: 5->4
[2023-04-07T03:12:46.667+0800][13.399s] GC(4) Metaspace: 35582K(35968K)->35582K(35968K) NonClass: 31387K(31552K)->31387K(31552K) Class: 4194K(4416K)->4194K(4416K)
[2023-04-07T03:12:46.667+0800][13.399s] GC(4) Pause Young (Concurrent Start) (Metadata GC Threshold) 139M->30M(512M) 15.940ms
[2023-04-07T03:12:46.667+0800][13.399s] GC(4) User=0.05s Sys=0.00s Real=0.02s
[2023-04-07T03:12:46.667+0800][13.399s] GC(5) Concurrent Mark Cycle
[2023-04-07T03:12:46.667+0800][13.399s] GC(5) Concurrent Clear Claimed Marks
[2023-04-07T03:12:46.671+0800][13.399s] GC(5) Concurrent Clear Claimed Marks 0.072ms
[2023-04-07T03:12:46.671+0800][13.400s] GC(5) Concurrent Scan Root Regions
[2023-04-07T03:12:46.675+0800][13.404s] GC(5) Concurrent Scan Root Regions 4.761ms
[2023-04-07T03:12:46.675+0800][13.404s] GC(5) Concurrent Mark
[2023-04-07T03:12:46.675+0800][13.404s] GC(5) Concurrent Mark From Roots
[2023-04-07T03:12:46.675+0800][13.405s] GC(5) Using 4 workers of 4 for marking
[2023-04-07T03:12:46.684+0800][13.414s] GC(5) Concurrent Mark From Roots 9.245ms
[2023-04-07T03:12:46.684+0800][13.414s] GC(5) Concurrent Preclean
[2023-04-07T03:12:46.684+0800][13.414s] GC(5) Concurrent Preclean 0.267ms
[2023-04-07T03:12:46.684+0800][13.415s] GC(5) Pause Remark
[2023-04-07T03:12:46.687+0800][13.420s] GC(5) Pause Remark 30M->30M(512M) 5.503ms
[2023-04-07T03:12:46.692+0800][13.420s] GC(5) User=0.00s Sys=0.00s Real=0.00s
[2023-04-07T03:12:46.692+0800][13.420s] GC(5) Concurrent Mark 16.031ms
[2023-04-07T03:12:46.692+0800][13.421s] GC(5) Concurrent Rebuild Remembered Sets
[2023-04-07T03:12:46.696+0800][13.425s] GC(5) Concurrent Rebuild Remembered Sets 4.845ms
[2023-04-07T03:12:46.696+0800][13.426s] GC(5) Pause Cleanup
[2023-04-07T03:12:46.696+0800][13.426s] GC(5) Pause Cleanup 30M->30M(512M) 0.365ms
[2023-04-07T03:12:46.696+0800][13.426s] GC(5) User=0.00s Sys=0.00s Real=0.00s
[2023-04-07T03:12:46.696+0800][13.427s] GC(5) Concurrent Cleanup for Next Mark
[2023-04-07T03:12:46.696+0800][13.427s] GC(5) Concurrent Cleanup for Next Mark 0.670ms
[2023-04-07T03:12:46.696+0800][13.427s] GC(5) Concurrent Mark Cycle 28.060ms
