[2023-04-06T04:10:41.257+0800][0.029s] Using G1
[2023-04-06T04:10:41.467+0800][0.239s] Version: 17.0.4.1+1 (release)
[2023-04-06T04:10:41.467+0800][0.239s] CPUs: 20 total, 20 available
[2023-04-06T04:10:41.467+0800][0.239s] Memory: 16055M
[2023-04-06T04:10:41.467+0800][0.239s] Large Page Support: Disabled
[2023-04-06T04:10:41.467+0800][0.239s] NUMA Support: Disabled
[2023-04-06T04:10:41.467+0800][0.239s] Compressed Oops: Enabled (32-bit)
[2023-04-06T04:10:41.467+0800][0.239s] Heap Region Size: 1M
[2023-04-06T04:10:41.467+0800][0.239s] Heap Min Capacity: 512M
[2023-04-06T04:10:41.468+0800][0.239s] Heap Initial Capacity: 512M
[2023-04-06T04:10:41.468+0800][0.239s] Heap Max Capacity: 512M
[2023-04-06T04:10:41.468+0800][0.239s] Pre-touch: Enabled
[2023-04-06T04:10:41.468+0800][0.239s] Parallel Workers: 15
[2023-04-06T04:10:41.468+0800][0.239s] Concurrent Workers: 4
[2023-04-06T04:10:41.468+0800][0.239s] Concurrent Refinement Workers: 15
[2023-04-06T04:10:41.468+0800][0.239s] Periodic GC: Disabled
[2023-04-06T04:10:41.469+0800][0.240s] CDS archive(s) mapped at: [0x0000000800000000-0x0000000800bc0000-0x0000000800bc0000), size 12320768, SharedBaseAddress: 0x0000000800000000, ArchiveRelocationMode: 0.
[2023-04-06T04:10:41.469+0800][0.240s] Compressed class space mapped at: 0x0000000800c00000-0x0000000840c00000, reserved size: 1073741824
[2023-04-06T04:10:41.469+0800][0.240s] Narrow klass base: 0x0000000800000000, Narrow klass shift: 0, Narrow klass range: 0x100000000
[2023-04-06T04:10:42.984+0800][1.756s] GC(0) Pause Young (Normal) (G1 Evacuation Pause)
[2023-04-06T04:10:42.986+0800][1.757s] GC(0) Using 12 workers of 15 for evacuation
[2023-04-06T04:10:42.988+0800][1.759s] GC(0)   Pre Evacuate Collection Set: 0.1ms
[2023-04-06T04:10:42.988+0800][1.759s] GC(0)   Merge Heap Roots: 0.0ms
[2023-04-06T04:10:42.988+0800][1.759s] GC(0)   Evacuate Collection Set: 2.1ms
[2023-04-06T04:10:42.988+0800][1.759s] GC(0)   Post Evacuate Collection Set: 0.4ms
[2023-04-06T04:10:42.988+0800][1.759s] GC(0)   Other: 0.9ms
[2023-04-06T04:10:42.988+0800][1.759s] GC(0) Eden regions: 29->0(41)
[2023-04-06T04:10:42.988+0800][1.760s] GC(0) Survivor regions: 0->4(4)
[2023-04-06T04:10:42.988+0800][1.760s] GC(0) Old regions: 0->1
[2023-04-06T04:10:42.988+0800][1.760s] GC(0) Archive regions: 0->0
[2023-04-06T04:10:42.988+0800][1.760s] GC(0) Humongous regions: 0->0
[2023-04-06T04:10:42.988+0800][1.760s] GC(0) Metaspace: 7786K(8000K)->7786K(8000K) NonClass: 6880K(6976K)->6880K(6976K) Class: 906K(1024K)->906K(1024K)
[2023-04-06T04:10:42.988+0800][1.760s] GC(0) Pause Young (Normal) (G1 Evacuation Pause) 29M->4M(512M) 3.572ms
[2023-04-06T04:10:42.988+0800][1.760s] GC(0) User=0.00s Sys=0.00s Real=0.00s
[2023-04-06T04:10:43.765+0800][2.536s] GC(1) Pause Young (Normal) (G1 Evacuation Pause)
[2023-04-06T04:10:43.765+0800][2.536s] GC(1) Using 15 workers of 15 for evacuation
[2023-04-06T04:10:43.771+0800][2.542s] GC(1)   Pre Evacuate Collection Set: 0.1ms
[2023-04-06T04:10:43.771+0800][2.542s] GC(1)   Merge Heap Roots: 0.0ms
[2023-04-06T04:10:43.771+0800][2.542s] GC(1)   Evacuate Collection Set: 4.8ms
[2023-04-06T04:10:43.771+0800][2.542s] GC(1)   Post Evacuate Collection Set: 0.4ms
[2023-04-06T04:10:43.771+0800][2.542s] GC(1)   Other: 0.3ms
[2023-04-06T04:10:43.771+0800][2.542s] GC(1) Eden regions: 41->0(152)
[2023-04-06T04:10:43.771+0800][2.542s] GC(1) Survivor regions: 4->6(6)
[2023-04-06T04:10:43.771+0800][2.542s] GC(1) Old regions: 1->9
[2023-04-06T04:10:43.771+0800][2.542s] GC(1) Archive regions: 0->0
[2023-04-06T04:10:43.771+0800][2.542s] GC(1) Humongous regions: 4->4
[2023-04-06T04:10:43.771+0800][2.542s] GC(1) Metaspace: 18460K(18752K)->18460K(18752K) NonClass: 16327K(16448K)->16327K(16448K) Class: 2133K(2304K)->2133K(2304K)
[2023-04-06T04:10:43.771+0800][2.542s] GC(1) Pause Young (Normal) (G1 Evacuation Pause) 49M->18M(512M) 5.713ms
[2023-04-06T04:10:43.771+0800][2.542s] GC(1) User=0.00s Sys=0.00s Real=0.01s
[2023-04-06T04:10:46.403+0800][5.174s] GC(2) Pause Young (Concurrent Start) (Metadata GC Threshold)
[2023-04-06T04:10:46.403+0800][5.174s] GC(2) Using 15 workers of 15 for evacuation
[2023-04-06T04:10:46.408+0800][5.179s] GC(2)   Pre Evacuate Collection Set: 0.3ms
[2023-04-06T04:10:46.408+0800][5.179s] GC(2)   Merge Heap Roots: 0.2ms
[2023-04-06T04:10:46.408+0800][5.179s] GC(2)   Evacuate Collection Set: 3.5ms
[2023-04-06T04:10:46.408+0800][5.179s] GC(2)   Post Evacuate Collection Set: 0.9ms
[2023-04-06T04:10:46.408+0800][5.180s] GC(2)   Other: 0.8ms
[2023-04-06T04:10:46.408+0800][5.180s] GC(2) Eden regions: 75->0(296)
[2023-04-06T04:10:46.408+0800][5.180s] GC(2) Survivor regions: 6->11(20)
[2023-04-06T04:10:46.408+0800][5.180s] GC(2) Old regions: 9->9
[2023-04-06T04:10:46.408+0800][5.180s] GC(2) Archive regions: 0->0
[2023-04-06T04:10:46.408+0800][5.180s] GC(2) Humongous regions: 4->4
[2023-04-06T04:10:46.408+0800][5.180s] GC(2) Metaspace: 21177K(21504K)->21177K(21504K) NonClass: 18754K(18944K)->18754K(18944K) Class: 2422K(2560K)->2422K(2560K)
[2023-04-06T04:10:46.408+0800][5.180s] GC(2) Pause Young (Concurrent Start) (Metadata GC Threshold) 93M->23M(512M) 6.124ms
[2023-04-06T04:10:46.408+0800][5.180s] GC(2) User=0.00s Sys=0.00s Real=0.00s
[2023-04-06T04:10:46.408+0800][5.180s] GC(3) Concurrent Mark Cycle
[2023-04-06T04:10:46.408+0800][5.180s] GC(3) Concurrent Clear Claimed Marks
[2023-04-06T04:10:46.409+0800][5.180s] GC(3) Concurrent Clear Claimed Marks 0.049ms
[2023-04-06T04:10:46.409+0800][5.180s] GC(3) Concurrent Scan Root Regions
[2023-04-06T04:10:46.412+0800][5.183s] GC(3) Concurrent Scan Root Regions 2.669ms
[2023-04-06T04:10:46.412+0800][5.183s] GC(3) Concurrent Mark
[2023-04-06T04:10:46.412+0800][5.183s] GC(3) Concurrent Mark From Roots
[2023-04-06T04:10:46.412+0800][5.183s] GC(3) Using 4 workers of 4 for marking
[2023-04-06T04:10:46.419+0800][5.190s] GC(3) Concurrent Mark From Roots 7.398ms
[2023-04-06T04:10:46.419+0800][5.190s] GC(3) Concurrent Preclean
[2023-04-06T04:10:46.419+0800][5.191s] GC(3) Concurrent Preclean 0.189ms
[2023-04-06T04:10:46.420+0800][5.191s] GC(3) Pause Remark
[2023-04-06T04:10:46.423+0800][5.195s] GC(3) Pause Remark 23M->23M(512M) 3.775ms
[2023-04-06T04:10:46.423+0800][5.195s] GC(3) User=0.00s Sys=0.00s Real=0.00s
[2023-04-06T04:10:46.424+0800][5.195s] GC(3) Concurrent Mark 11.992ms
[2023-04-06T04:10:46.424+0800][5.195s] GC(3) Concurrent Rebuild Remembered Sets
[2023-04-06T04:10:46.428+0800][5.199s] GC(3) Concurrent Rebuild Remembered Sets 3.970ms
[2023-04-06T04:10:46.428+0800][5.199s] GC(3) Pause Cleanup
[2023-04-06T04:10:46.428+0800][5.199s] GC(3) Pause Cleanup 23M->23M(512M) 0.156ms
[2023-04-06T04:10:46.428+0800][5.199s] GC(3) User=0.00s Sys=0.00s Real=0.00s
[2023-04-06T04:10:46.428+0800][5.200s] GC(3) Concurrent Cleanup for Next Mark
[2023-04-06T04:10:46.428+0800][5.200s] GC(3) Concurrent Cleanup for Next Mark 0.325ms
[2023-04-06T04:10:46.429+0800][5.200s] GC(3) Concurrent Mark Cycle 19.929ms
[2023-04-06T04:10:48.686+0800][7.457s] GC(4) Pause Young (Concurrent Start) (Metadata GC Threshold)
[2023-04-06T04:10:48.686+0800][7.457s] GC(4) Using 15 workers of 15 for evacuation
[2023-04-06T04:10:48.691+0800][7.463s] GC(4)   Pre Evacuate Collection Set: 0.1ms
[2023-04-06T04:10:48.691+0800][7.463s] GC(4)   Merge Heap Roots: 0.1ms
[2023-04-06T04:10:48.691+0800][7.463s] GC(4)   Evacuate Collection Set: 4.4ms
[2023-04-06T04:10:48.691+0800][7.463s] GC(4)   Post Evacuate Collection Set: 0.7ms
[2023-04-06T04:10:48.691+0800][7.463s] GC(4)   Other: 0.2ms
[2023-04-06T04:10:48.691+0800][7.463s] GC(4) Eden regions: 94->0(289)
[2023-04-06T04:10:48.691+0800][7.463s] GC(4) Survivor regions: 11->18(39)
[2023-04-06T04:10:48.691+0800][7.463s] GC(4) Old regions: 9->9
[2023-04-06T04:10:48.691+0800][7.463s] GC(4) Archive regions: 0->0
[2023-04-06T04:10:48.691+0800][7.463s] GC(4) Humongous regions: 5->4
[2023-04-06T04:10:48.691+0800][7.463s] GC(4) Metaspace: 35612K(35968K)->35612K(35968K) NonClass: 31410K(31552K)->31410K(31552K) Class: 4201K(4416K)->4201K(4416K)
[2023-04-06T04:10:48.691+0800][7.463s] GC(4) Pause Young (Concurrent Start) (Metadata GC Threshold) 117M->30M(512M) 5.715ms
[2023-04-06T04:10:48.691+0800][7.463s] GC(4) User=0.00s Sys=0.00s Real=0.00s
[2023-04-06T04:10:48.691+0800][7.463s] GC(5) Concurrent Mark Cycle
[2023-04-06T04:10:48.692+0800][7.463s] GC(5) Concurrent Clear Claimed Marks
[2023-04-06T04:10:48.692+0800][7.463s] GC(5) Concurrent Clear Claimed Marks 0.029ms
[2023-04-06T04:10:48.692+0800][7.463s] GC(5) Concurrent Scan Root Regions
[2023-04-06T04:10:48.694+0800][7.465s] GC(5) Concurrent Scan Root Regions 2.091ms
[2023-04-06T04:10:48.694+0800][7.465s] GC(5) Concurrent Mark
[2023-04-06T04:10:48.694+0800][7.465s] GC(5) Concurrent Mark From Roots
[2023-04-06T04:10:48.694+0800][7.465s] GC(5) Using 4 workers of 4 for marking
[2023-04-06T04:10:48.698+0800][7.469s] GC(5) Concurrent Mark From Roots 3.609ms
[2023-04-06T04:10:48.698+0800][7.469s] GC(5) Concurrent Preclean
[2023-04-06T04:10:48.698+0800][7.469s] GC(5) Concurrent Preclean 0.100ms
[2023-04-06T04:10:48.698+0800][7.469s] GC(5) Pause Remark
[2023-04-06T04:10:48.699+0800][7.471s] GC(5) Pause Remark 30M->30M(512M) 1.890ms
[2023-04-06T04:10:48.699+0800][7.471s] GC(5) User=0.00s Sys=0.00s Real=0.00s
[2023-04-06T04:10:48.699+0800][7.471s] GC(5) Concurrent Mark 5.935ms
[2023-04-06T04:10:48.699+0800][7.471s] GC(5) Concurrent Rebuild Remembered Sets
[2023-04-06T04:10:48.703+0800][7.473s] GC(5) Concurrent Rebuild Remembered Sets 2.202ms
[2023-04-06T04:10:48.703+0800][7.473s] GC(5) Pause Cleanup
[2023-04-06T04:10:48.703+0800][7.474s] GC(5) Pause Cleanup 30M->30M(512M) 0.135ms
[2023-04-06T04:10:48.703+0800][7.474s] GC(5) User=0.00s Sys=0.00s Real=0.00s
[2023-04-06T04:10:48.703+0800][7.474s] GC(5) Concurrent Cleanup for Next Mark
[2023-04-06T04:10:48.703+0800][7.474s] GC(5) Concurrent Cleanup for Next Mark 0.293ms
[2023-04-06T04:10:48.703+0800][7.474s] GC(5) Concurrent Mark Cycle 11.122ms
[2023-04-06T05:15:01.618+0800][3859.232s] Heap
[2023-04-06T05:15:01.619+0800][3859.233s]  garbage-first heap   total 524288K, used 223030K [0x00000000e0000000, 0x0000000100000000)
[2023-04-06T05:15:01.619+0800][3859.233s]   region size 1024K, 206 young (210944K), 18 survivors (18432K)
[2023-04-06T05:15:01.619+0800][3859.233s]  Metaspace       used 54565K, committed 55104K, reserved 1097728K
[2023-04-06T05:15:01.619+0800][3859.233s]   class space    used 6756K, committed 6976K, reserved 1048576K
