[2023-04-08T01:23:07.724+0800][0.032s] Using G1
[2023-04-08T01:23:07.946+0800][0.253s] Version: 17.0.4.1+1 (release)
[2023-04-08T01:23:07.946+0800][0.253s] CPUs: 20 total, 20 available
[2023-04-08T01:23:07.946+0800][0.253s] Memory: 16055M
[2023-04-08T01:23:07.946+0800][0.253s] Large Page Support: Disabled
[2023-04-08T01:23:07.946+0800][0.253s] NUMA Support: Disabled
[2023-04-08T01:23:07.946+0800][0.253s] Compressed Oops: Enabled (32-bit)
[2023-04-08T01:23:07.946+0800][0.253s] Heap Region Size: 1M
[2023-04-08T01:23:07.946+0800][0.253s] Heap Min Capacity: 512M
[2023-04-08T01:23:07.946+0800][0.253s] Heap Initial Capacity: 512M
[2023-04-08T01:23:07.946+0800][0.253s] Heap Max Capacity: 512M
[2023-04-08T01:23:07.946+0800][0.253s] Pre-touch: Enabled
[2023-04-08T01:23:07.946+0800][0.254s] Parallel Workers: 15
[2023-04-08T01:23:07.946+0800][0.254s] Concurrent Workers: 4
[2023-04-08T01:23:07.946+0800][0.254s] Concurrent Refinement Workers: 15
[2023-04-08T01:23:07.946+0800][0.254s] Periodic GC: Disabled
[2023-04-08T01:23:07.947+0800][0.254s] CDS archive(s) mapped at: [0x0000000800000000-0x0000000800bc0000-0x0000000800bc0000), size 12320768, SharedBaseAddress: 0x0000000800000000, ArchiveRelocationMode: 0.
[2023-04-08T01:23:07.947+0800][0.254s] Compressed class space mapped at: 0x0000000800c00000-0x0000000840c00000, reserved size: 1073741824
[2023-04-08T01:23:07.947+0800][0.254s] Narrow klass base: 0x0000000800000000, Narrow klass shift: 0, Narrow klass range: 0x100000000
[2023-04-08T01:23:09.381+0800][1.688s] GC(0) Pause Young (Normal) (G1 Evacuation Pause)
[2023-04-08T01:23:09.382+0800][1.689s] GC(0) Using 12 workers of 15 for evacuation
[2023-04-08T01:23:09.386+0800][1.694s] GC(0)   Pre Evacuate Collection Set: 0.1ms
[2023-04-08T01:23:09.386+0800][1.694s] GC(0)   Merge Heap Roots: 0.1ms
[2023-04-08T01:23:09.386+0800][1.694s] GC(0)   Evacuate Collection Set: 3.4ms
[2023-04-08T01:23:09.386+0800][1.694s] GC(0)   Post Evacuate Collection Set: 0.5ms
[2023-04-08T01:23:09.386+0800][1.694s] GC(0)   Other: 1.1ms
[2023-04-08T01:23:09.386+0800][1.694s] GC(0) Eden regions: 29->0(40)
[2023-04-08T01:23:09.386+0800][1.694s] GC(0) Survivor regions: 0->4(4)
[2023-04-08T01:23:09.386+0800][1.694s] GC(0) Old regions: 0->1
[2023-04-08T01:23:09.386+0800][1.694s] GC(0) Archive regions: 0->0
[2023-04-08T01:23:09.386+0800][1.694s] GC(0) Humongous regions: 0->0
[2023-04-08T01:23:09.386+0800][1.694s] GC(0) Metaspace: 7869K(8064K)->7869K(8064K) NonClass: 6954K(7040K)->6954K(7040K) Class: 915K(1024K)->915K(1024K)
[2023-04-08T01:23:09.386+0800][1.694s] GC(0) Pause Young (Normal) (G1 Evacuation Pause) 29M->4M(512M) 5.334ms
[2023-04-08T01:23:09.386+0800][1.694s] GC(0) User=0.00s Sys=0.00s Real=0.00s
[2023-04-08T01:23:10.388+0800][2.695s] GC(1) Pause Young (Normal) (G1 Evacuation Pause)
[2023-04-08T01:23:10.388+0800][2.695s] GC(1) Using 15 workers of 15 for evacuation
[2023-04-08T01:23:10.400+0800][2.707s] GC(1)   Pre Evacuate Collection Set: 0.1ms
[2023-04-08T01:23:10.400+0800][2.707s] GC(1)   Merge Heap Roots: 0.1ms
[2023-04-08T01:23:10.400+0800][2.707s] GC(1)   Evacuate Collection Set: 10.6ms
[2023-04-08T01:23:10.400+0800][2.707s] GC(1)   Post Evacuate Collection Set: 0.9ms
[2023-04-08T01:23:10.400+0800][2.707s] GC(1)   Other: 0.3ms
[2023-04-08T01:23:10.400+0800][2.707s] GC(1) Eden regions: 40->0(208)
[2023-04-08T01:23:10.400+0800][2.707s] GC(1) Survivor regions: 4->6(6)
[2023-04-08T01:23:10.400+0800][2.708s] GC(1) Old regions: 1->9
[2023-04-08T01:23:10.400+0800][2.708s] GC(1) Archive regions: 0->0
[2023-04-08T01:23:10.400+0800][2.708s] GC(1) Humongous regions: 4->4
[2023-04-08T01:23:10.400+0800][2.708s] GC(1) Metaspace: 18435K(18752K)->18435K(18752K) NonClass: 16302K(16448K)->16302K(16448K) Class: 2133K(2304K)->2133K(2304K)
[2023-04-08T01:23:10.400+0800][2.708s] GC(1) Pause Young (Normal) (G1 Evacuation Pause) 48M->18M(512M) 12.292ms
[2023-04-08T01:23:10.400+0800][2.708s] GC(1) User=0.02s Sys=0.00s Real=0.01s
[2023-04-08T01:23:12.779+0800][5.086s] GC(2) Pause Young (Concurrent Start) (Metadata GC Threshold)
[2023-04-08T01:23:12.779+0800][5.086s] GC(2) Using 15 workers of 15 for evacuation
[2023-04-08T01:23:12.786+0800][5.094s] GC(2)   Pre Evacuate Collection Set: 0.1ms
[2023-04-08T01:23:12.786+0800][5.094s] GC(2)   Merge Heap Roots: 0.1ms
[2023-04-08T01:23:12.786+0800][5.094s] GC(2)   Evacuate Collection Set: 5.6ms
[2023-04-08T01:23:12.786+0800][5.094s] GC(2)   Post Evacuate Collection Set: 1.1ms
[2023-04-08T01:23:12.786+0800][5.094s] GC(2)   Other: 0.7ms
[2023-04-08T01:23:12.786+0800][5.094s] GC(2) Eden regions: 77->0(296)
[2023-04-08T01:23:12.787+0800][5.094s] GC(2) Survivor regions: 6->11(27)
[2023-04-08T01:23:12.787+0800][5.094s] GC(2) Old regions: 9->9
[2023-04-08T01:23:12.787+0800][5.094s] GC(2) Archive regions: 0->0
[2023-04-08T01:23:12.787+0800][5.094s] GC(2) Humongous regions: 4->4
[2023-04-08T01:23:12.787+0800][5.094s] GC(2) Metaspace: 21215K(21504K)->21215K(21504K) NonClass: 18784K(18880K)->18784K(18880K) Class: 2430K(2624K)->2430K(2624K)
[2023-04-08T01:23:12.787+0800][5.094s] GC(2) Pause Young (Concurrent Start) (Metadata GC Threshold) 95M->23M(512M) 8.028ms
[2023-04-08T01:23:12.787+0800][5.094s] GC(2) User=0.02s Sys=0.00s Real=0.01s
[2023-04-08T01:23:12.787+0800][5.095s] GC(3) Concurrent Mark Cycle
[2023-04-08T01:23:12.787+0800][5.095s] GC(3) Concurrent Clear Claimed Marks
[2023-04-08T01:23:12.787+0800][5.095s] GC(3) Concurrent Clear Claimed Marks 0.049ms
[2023-04-08T01:23:12.787+0800][5.095s] GC(3) Concurrent Scan Root Regions
[2023-04-08T01:23:12.790+0800][5.098s] GC(3) Concurrent Scan Root Regions 3.335ms
[2023-04-08T01:23:12.790+0800][5.098s] GC(3) Concurrent Mark
[2023-04-08T01:23:12.790+0800][5.098s] GC(3) Concurrent Mark From Roots
[2023-04-08T01:23:12.790+0800][5.098s] GC(3) Using 4 workers of 4 for marking
[2023-04-08T01:23:12.800+0800][5.108s] GC(3) Concurrent Mark From Roots 9.451ms
[2023-04-08T01:23:12.800+0800][5.108s] GC(3) Concurrent Preclean
[2023-04-08T01:23:12.800+0800][5.108s] GC(3) Concurrent Preclean 0.180ms
[2023-04-08T01:23:12.800+0800][5.108s] GC(3) Pause Remark
[2023-04-08T01:23:12.804+0800][5.112s] GC(3) Pause Remark 24M->24M(512M) 4.038ms
[2023-04-08T01:23:12.805+0800][5.112s] GC(3) User=0.02s Sys=0.00s Real=0.01s
[2023-04-08T01:23:12.805+0800][5.112s] GC(3) Concurrent Mark 14.228ms
[2023-04-08T01:23:12.805+0800][5.112s] GC(3) Concurrent Rebuild Remembered Sets
[2023-04-08T01:23:12.809+0800][5.117s] GC(3) Concurrent Rebuild Remembered Sets 4.093ms
[2023-04-08T01:23:12.809+0800][5.117s] GC(3) Pause Cleanup
[2023-04-08T01:23:12.809+0800][5.117s] GC(3) Pause Cleanup 24M->24M(512M) 0.279ms
[2023-04-08T01:23:12.809+0800][5.117s] GC(3) User=0.00s Sys=0.00s Real=0.00s
[2023-04-08T01:23:12.810+0800][5.117s] GC(3) Concurrent Cleanup for Next Mark
[2023-04-08T01:23:12.810+0800][5.118s] GC(3) Concurrent Cleanup for Next Mark 0.525ms
[2023-04-08T01:23:12.810+0800][5.118s] GC(3) Concurrent Mark Cycle 23.454ms
[2023-04-08T01:23:15.062+0800][7.370s] GC(4) Pause Young (Concurrent Start) (Metadata GC Threshold)
[2023-04-08T01:23:15.062+0800][7.370s] GC(4) Using 15 workers of 15 for evacuation
[2023-04-08T01:23:15.069+0800][7.377s] GC(4)   Pre Evacuate Collection Set: 0.2ms
[2023-04-08T01:23:15.069+0800][7.377s] GC(4)   Merge Heap Roots: 0.1ms
[2023-04-08T01:23:15.069+0800][7.377s] GC(4)   Evacuate Collection Set: 6.0ms
[2023-04-08T01:23:15.069+0800][7.377s] GC(4)   Post Evacuate Collection Set: 0.7ms
[2023-04-08T01:23:15.069+0800][7.377s] GC(4)   Other: 0.2ms
[2023-04-08T01:23:15.069+0800][7.377s] GC(4) Eden regions: 93->0(289)
[2023-04-08T01:23:15.069+0800][7.377s] GC(4) Survivor regions: 11->18(39)
[2023-04-08T01:23:15.069+0800][7.377s] GC(4) Old regions: 9->9
[2023-04-08T01:23:15.069+0800][7.377s] GC(4) Archive regions: 0->0
[2023-04-08T01:23:15.069+0800][7.377s] GC(4) Humongous regions: 5->4
[2023-04-08T01:23:15.069+0800][7.377s] GC(4) Metaspace: 35623K(35968K)->35623K(35968K) NonClass: 31416K(31552K)->31416K(31552K) Class: 4206K(4416K)->4206K(4416K)
[2023-04-08T01:23:15.069+0800][7.377s] GC(4) Pause Young (Concurrent Start) (Metadata GC Threshold) 117M->30M(512M) 7.322ms
[2023-04-08T01:23:15.069+0800][7.377s] GC(4) User=0.00s Sys=0.00s Real=0.01s
[2023-04-08T01:23:15.069+0800][7.377s] GC(5) Concurrent Mark Cycle
[2023-04-08T01:23:15.069+0800][7.377s] GC(5) Concurrent Clear Claimed Marks
[2023-04-08T01:23:15.069+0800][7.377s] GC(5) Concurrent Clear Claimed Marks 0.025ms
[2023-04-08T01:23:15.069+0800][7.377s] GC(5) Concurrent Scan Root Regions
[2023-04-08T01:23:15.072+0800][7.380s] GC(5) Concurrent Scan Root Regions 2.426ms
[2023-04-08T01:23:15.072+0800][7.380s] GC(5) Concurrent Mark
[2023-04-08T01:23:15.072+0800][7.380s] GC(5) Concurrent Mark From Roots
[2023-04-08T01:23:15.072+0800][7.380s] GC(5) Using 4 workers of 4 for marking
[2023-04-08T01:23:15.076+0800][7.384s] GC(5) Concurrent Mark From Roots 4.265ms
[2023-04-08T01:23:15.076+0800][7.384s] GC(5) Concurrent Preclean
[2023-04-08T01:23:15.076+0800][7.384s] GC(5) Concurrent Preclean 0.096ms
[2023-04-08T01:23:15.076+0800][7.384s] GC(5) Pause Remark
[2023-04-08T01:23:15.079+0800][7.387s] GC(5) Pause Remark 30M->30M(512M) 2.238ms
[2023-04-08T01:23:15.079+0800][7.387s] GC(5) User=0.00s Sys=0.00s Real=0.00s
[2023-04-08T01:23:15.079+0800][7.387s] GC(5) Concurrent Mark 6.950ms
[2023-04-08T01:23:15.079+0800][7.387s] GC(5) Concurrent Rebuild Remembered Sets
[2023-04-08T01:23:15.081+0800][7.389s] GC(5) Concurrent Rebuild Remembered Sets 2.723ms
[2023-04-08T01:23:15.082+0800][7.390s] GC(5) Pause Cleanup
[2023-04-08T01:23:15.082+0800][7.390s] GC(5) Pause Cleanup 30M->30M(512M) 0.125ms
[2023-04-08T01:23:15.082+0800][7.390s] GC(5) User=0.00s Sys=0.00s Real=0.00s
[2023-04-08T01:23:15.082+0800][7.390s] GC(5) Concurrent Cleanup for Next Mark
[2023-04-08T01:23:15.082+0800][7.390s] GC(5) Concurrent Cleanup for Next Mark 0.507ms
[2023-04-08T01:23:15.082+0800][7.390s] GC(5) Concurrent Mark Cycle 13.277ms
[2023-04-08T13:58:25.046+0800][45319.819s] GC(6) Pause Young (Normal) (G1 Evacuation Pause)
[2023-04-08T13:58:25.049+0800][45319.822s] GC(6) Using 15 workers of 15 for evacuation
[2023-04-08T13:58:25.275+0800][45320.049s] GC(6)   Pre Evacuate Collection Set: 6.8ms
[2023-04-08T13:58:25.277+0800][45320.049s] GC(6)   Merge Heap Roots: 2.0ms
[2023-04-08T13:58:25.277+0800][45320.049s] GC(6)   Evacuate Collection Set: 196.9ms
[2023-04-08T13:58:25.277+0800][45320.049s] GC(6)   Post Evacuate Collection Set: 17.9ms
[2023-04-08T13:58:25.277+0800][45320.049s] GC(6)   Other: 9.5ms
[2023-04-08T13:58:25.277+0800][45320.049s] GC(6) Eden regions: 289->0(184)
[2023-04-08T13:58:25.277+0800][45320.049s] GC(6) Survivor regions: 18->37(39)
[2023-04-08T13:58:25.277+0800][45320.049s] GC(6) Old regions: 9->9
[2023-04-08T13:58:25.277+0800][45320.049s] GC(6) Archive regions: 0->0
[2023-04-08T13:58:25.277+0800][45320.049s] GC(6) Humongous regions: 4->4
[2023-04-08T13:58:25.278+0800][45320.050s] GC(6) Metaspace: 55472K(56064K)->55472K(56064K) NonClass: 48662K(48960K)->48662K(48960K) Class: 6809K(7104K)->6809K(7104K)
[2023-04-08T13:58:25.278+0800][45320.050s] GC(6) Pause Young (Normal) (G1 Evacuation Pause) 319M->49M(512M) 230.889ms
[2023-04-08T13:58:25.278+0800][45320.050s] GC(6) User=0.17s Sys=1.02s Real=0.23s
[2023-04-08T14:01:47.004+0800][45521.777s] GC(7) Pause Young (Normal) (G1 Evacuation Pause)
[2023-04-08T14:01:47.004+0800][45521.777s] GC(7) Using 15 workers of 15 for evacuation
[2023-04-08T14:01:47.050+0800][45521.822s] GC(7)   Pre Evacuate Collection Set: 0.3ms
[2023-04-08T14:01:47.050+0800][45521.823s] GC(7)   Merge Heap Roots: 0.2ms
[2023-04-08T14:01:47.050+0800][45521.823s] GC(7)   Evacuate Collection Set: 42.6ms
[2023-04-08T14:01:47.050+0800][45521.823s] GC(7)   Post Evacuate Collection Set: 2.0ms
[2023-04-08T14:01:47.050+0800][45521.823s] GC(7)   Other: 0.5ms
[2023-04-08T14:01:47.050+0800][45521.823s] GC(7) Eden regions: 184->0(298)
[2023-04-08T14:01:47.051+0800][45521.823s] GC(7) Survivor regions: 37->9(28)
[2023-04-08T14:01:47.051+0800][45521.823s] GC(7) Old regions: 9->44
[2023-04-08T14:01:47.051+0800][45521.823s] GC(7) Archive regions: 0->0
[2023-04-08T14:01:47.051+0800][45521.823s] GC(7) Humongous regions: 4->4
[2023-04-08T14:01:47.051+0800][45521.823s] GC(7) Metaspace: 56455K(57024K)->56455K(57024K) NonClass: 49560K(49856K)->49560K(49856K) Class: 6894K(7168K)->6894K(7168K)
[2023-04-08T14:01:47.051+0800][45521.823s] GC(7) Pause Young (Normal) (G1 Evacuation Pause) 233M->55M(512M) 46.033ms
[2023-04-08T14:01:47.051+0800][45521.823s] GC(7) User=0.03s Sys=0.08s Real=0.05s
[2023-04-08T14:08:28.258+0800][45923.030s] GC(8) Pause Young (Normal) (G1 Evacuation Pause)
[2023-04-08T14:08:28.258+0800][45923.030s] GC(8) Using 15 workers of 15 for evacuation
[2023-04-08T14:08:28.265+0800][45923.037s] GC(8)   Pre Evacuate Collection Set: 0.4ms
[2023-04-08T14:08:28.266+0800][45923.038s] GC(8)   Merge Heap Roots: 0.3ms
[2023-04-08T14:08:28.266+0800][45923.038s] GC(8)   Evacuate Collection Set: 4.9ms
[2023-04-08T14:08:28.266+0800][45923.038s] GC(8)   Post Evacuate Collection Set: 1.4ms
[2023-04-08T14:08:28.266+0800][45923.038s] GC(8)   Other: 0.5ms
[2023-04-08T14:08:28.266+0800][45923.038s] GC(8) Eden regions: 298->0(302)
[2023-04-08T14:08:28.266+0800][45923.038s] GC(8) Survivor regions: 9->5(39)
[2023-04-08T14:08:28.266+0800][45923.038s] GC(8) Old regions: 44->44
[2023-04-08T14:08:28.266+0800][45923.038s] GC(8) Archive regions: 0->0
[2023-04-08T14:08:28.266+0800][45923.038s] GC(8) Humongous regions: 4->4
[2023-04-08T14:08:28.266+0800][45923.038s] GC(8) Metaspace: 56970K(57600K)->56970K(57600K) NonClass: 50051K(50368K)->50051K(50368K) Class: 6919K(7232K)->6919K(7232K)
[2023-04-08T14:08:28.266+0800][45923.038s] GC(8) Pause Young (Normal) (G1 Evacuation Pause) 353M->51M(512M) 7.921ms
[2023-04-08T14:08:28.266+0800][45923.038s] GC(8) User=0.00s Sys=0.00s Real=0.01s
[2023-04-08T14:26:04.165+0800][46978.937s] GC(9) Pause Young (Concurrent Start) (Metadata GC Threshold)
[2023-04-08T14:26:04.166+0800][46978.939s] GC(9) Using 15 workers of 15 for evacuation
[2023-04-08T14:26:04.206+0800][46978.978s] GC(9)   Pre Evacuate Collection Set: 1.6ms
[2023-04-08T14:26:04.206+0800][46978.978s] GC(9)   Merge Heap Roots: 1.8ms
[2023-04-08T14:26:04.206+0800][46978.978s] GC(9)   Evacuate Collection Set: 26.9ms
[2023-04-08T14:26:04.206+0800][46978.978s] GC(9)   Post Evacuate Collection Set: 4.1ms
[2023-04-08T14:26:04.207+0800][46978.979s] GC(9)   Other: 10.5ms
[2023-04-08T14:26:04.207+0800][46978.979s] GC(9) Eden regions: 264->0(300)
[2023-04-08T14:26:04.207+0800][46978.979s] GC(9) Survivor regions: 5->7(39)
[2023-04-08T14:26:04.207+0800][46978.979s] GC(9) Old regions: 44->44
[2023-04-08T14:26:04.207+0800][46978.979s] GC(9) Archive regions: 0->0
[2023-04-08T14:26:04.207+0800][46978.979s] GC(9) Humongous regions: 4->4
[2023-04-08T14:26:04.207+0800][46978.980s] GC(9) Metaspace: 59430K(60096K)->59430K(60096K) NonClass: 52298K(52608K)->52298K(52608K) Class: 7131K(7488K)->7131K(7488K)
[2023-04-08T14:26:04.208+0800][46978.980s] GC(9) Pause Young (Concurrent Start) (Metadata GC Threshold) 314M->53M(512M) 43.546ms
[2023-04-08T14:26:04.209+0800][46978.981s] GC(9) User=0.00s Sys=0.00s Real=0.04s
[2023-04-08T14:26:04.212+0800][46978.984s] GC(10) Concurrent Mark Cycle
[2023-04-08T14:26:04.212+0800][46978.985s] GC(10) Concurrent Clear Claimed Marks
[2023-04-08T14:26:04.212+0800][46978.985s] GC(10) Concurrent Clear Claimed Marks 0.162ms
[2023-04-08T14:26:04.212+0800][46978.985s] GC(10) Concurrent Scan Root Regions
[2023-04-08T14:26:04.266+0800][46979.039s] GC(10) Concurrent Scan Root Regions 53.780ms
[2023-04-08T14:26:04.266+0800][46979.039s] GC(10) Concurrent Mark
[2023-04-08T14:26:04.266+0800][46979.039s] GC(10) Concurrent Mark From Roots
[2023-04-08T14:26:04.266+0800][46979.039s] GC(10) Using 4 workers of 4 for marking
[2023-04-08T14:26:04.344+0800][46979.116s] GC(10) Concurrent Mark From Roots 77.642ms
[2023-04-08T14:26:04.344+0800][46979.117s] GC(10) Concurrent Preclean
[2023-04-08T14:26:04.345+0800][46979.118s] GC(10) Concurrent Preclean 1.067ms
[2023-04-08T14:26:04.345+0800][46979.118s] GC(10) Pause Remark
[2023-04-08T14:26:04.515+0800][46979.288s] GC(10) Pause Remark 62M->62M(512M) 169.883ms
[2023-04-08T14:26:04.515+0800][46979.288s] GC(10) User=0.00s Sys=0.05s Real=0.17s
[2023-04-08T14:26:04.517+0800][46979.290s] GC(10) Concurrent Mark 250.756ms
[2023-04-08T14:26:04.517+0800][46979.290s] GC(10) Concurrent Rebuild Remembered Sets
[2023-04-08T14:26:04.535+0800][46979.307s] GC(10) Concurrent Rebuild Remembered Sets 17.706ms
[2023-04-08T14:26:04.550+0800][46979.322s] GC(10) Pause Cleanup
[2023-04-08T14:26:04.550+0800][46979.323s] GC(10) Pause Cleanup 63M->63M(512M) 0.460ms
[2023-04-08T14:26:04.550+0800][46979.323s] GC(10) User=0.00s Sys=0.00s Real=0.00s
[2023-04-08T14:26:04.551+0800][46979.324s] GC(10) Concurrent Cleanup for Next Mark
[2023-04-08T14:26:04.562+0800][46979.335s] GC(10) Concurrent Cleanup for Next Mark 10.801ms
[2023-04-08T14:26:04.562+0800][46979.335s] GC(10) Concurrent Mark Cycle 350.449ms
[2023-04-09T05:28:36.675+0800][101136.064s] GC(11) Pause Young (Prepare Mixed) (G1 Evacuation Pause)
[2023-04-09T05:28:36.680+0800][101136.069s] GC(11) Using 15 workers of 15 for evacuation
[2023-04-09T05:28:36.870+0800][101136.261s] GC(11)   Pre Evacuate Collection Set: 13.3ms
[2023-04-09T05:28:36.870+0800][101136.261s] GC(11)   Merge Heap Roots: 11.2ms
[2023-04-09T05:28:36.874+0800][101136.262s] GC(11)   Evacuate Collection Set: 150.4ms
[2023-04-09T05:28:36.874+0800][101136.262s] GC(11)   Post Evacuate Collection Set: 12.8ms
[2023-04-09T05:28:36.874+0800][101136.262s] GC(11)   Other: 18.7ms
[2023-04-09T05:28:36.874+0800][101136.262s] GC(11) Eden regions: 300->0(14)
[2023-04-09T05:28:36.874+0800][101136.262s] GC(11) Survivor regions: 7->11(39)
[2023-04-09T05:28:36.874+0800][101136.262s] GC(11) Old regions: 44->44
[2023-04-09T05:28:36.874+0800][101136.263s] GC(11) Archive regions: 0->0
[2023-04-09T05:28:36.874+0800][101136.263s] GC(11) Humongous regions: 4->4
[2023-04-09T05:28:36.874+0800][101136.263s] GC(11) Metaspace: 61855K(62464K)->61855K(62464K) NonClass: 54569K(54848K)->54569K(54848K) Class: 7286K(7616K)->7286K(7616K)
[2023-04-09T05:28:36.874+0800][101136.263s] GC(11) Pause Young (Prepare Mixed) (G1 Evacuation Pause) 353M->57M(512M) 200.180ms
[2023-04-09T05:28:36.874+0800][101136.263s] GC(11) User=0.11s Sys=0.58s Real=0.20s
[2023-04-09T06:06:48.679+0800][103428.068s] GC(12) Pause Young (Mixed) (G1 Evacuation Pause)
[2023-04-09T06:06:48.680+0800][103428.068s] GC(12) Using 15 workers of 15 for evacuation
[2023-04-09T06:06:48.736+0800][103428.124s] GC(12)   Pre Evacuate Collection Set: 3.5ms
[2023-04-09T06:06:48.736+0800][103428.125s] GC(12)   Merge Heap Roots: 1.4ms
[2023-04-09T06:06:48.736+0800][103428.125s] GC(12)   Evacuate Collection Set: 47.5ms
[2023-04-09T06:06:48.736+0800][103428.125s] GC(12)   Post Evacuate Collection Set: 3.2ms
[2023-04-09T06:06:48.736+0800][103428.125s] GC(12)   Other: 1.7ms
[2023-04-09T06:06:48.736+0800][103428.125s] GC(12) Eden regions: 14->0(305)
[2023-04-09T06:06:48.736+0800][103428.125s] GC(12) Survivor regions: 11->2(4)
[2023-04-09T06:06:48.736+0800][103428.125s] GC(12) Old regions: 44->53
[2023-04-09T06:06:48.737+0800][103428.125s] GC(12) Archive regions: 0->0
[2023-04-09T06:06:48.737+0800][103428.125s] GC(12) Humongous regions: 4->4
[2023-04-09T06:06:48.737+0800][103428.125s] GC(12) Metaspace: 61911K(62528K)->61911K(62528K) NonClass: 54625K(54912K)->54625K(54912K) Class: 7286K(7616K)->7286K(7616K)
[2023-04-09T06:06:48.737+0800][103428.125s] GC(12) Pause Young (Mixed) (G1 Evacuation Pause) 71M->57M(512M) 57.351ms
[2023-04-09T06:06:48.737+0800][103428.125s] GC(12) User=0.03s Sys=0.22s Real=0.06s
