[2023-04-06T20:04:55.771+0800][0.024s] Using G1
[2023-04-06T20:04:56.443+0800][0.697s] Version: 17.0.4.1+1 (release)
[2023-04-06T20:04:56.443+0800][0.697s] CPUs: 20 total, 20 available
[2023-04-06T20:04:56.443+0800][0.697s] Memory: 16055M
[2023-04-06T20:04:56.443+0800][0.697s] Large Page Support: Disabled
[2023-04-06T20:04:56.443+0800][0.697s] NUMA Support: Disabled
[2023-04-06T20:04:56.443+0800][0.697s] Compressed Oops: Enabled (32-bit)
[2023-04-06T20:04:56.443+0800][0.697s] Heap Region Size: 1M
[2023-04-06T20:04:56.443+0800][0.697s] Heap Min Capacity: 512M
[2023-04-06T20:04:56.443+0800][0.697s] Heap Initial Capacity: 512M
[2023-04-06T20:04:56.443+0800][0.697s] Heap Max Capacity: 512M
[2023-04-06T20:04:56.443+0800][0.697s] Pre-touch: Enabled
[2023-04-06T20:04:56.443+0800][0.697s] Parallel Workers: 15
[2023-04-06T20:04:56.443+0800][0.697s] Concurrent Workers: 4
[2023-04-06T20:04:56.443+0800][0.697s] Concurrent Refinement Workers: 15
[2023-04-06T20:04:56.443+0800][0.697s] Periodic GC: Disabled
[2023-04-06T20:04:56.445+0800][0.698s] CDS archive(s) mapped at: [0x0000000800000000-0x0000000800bc0000-0x0000000800bc0000), size 12320768, SharedBaseAddress: 0x0000000800000000, ArchiveRelocationMode: 0.
[2023-04-06T20:04:56.445+0800][0.698s] Compressed class space mapped at: 0x0000000800c00000-0x0000000840c00000, reserved size: 1073741824
[2023-04-06T20:04:56.445+0800][0.698s] Narrow klass base: 0x0000000800000000, Narrow klass shift: 0, Narrow klass range: 0x100000000
[2023-04-06T20:04:57.689+0800][1.942s] GC(0) Pause Young (Normal) (G1 Evacuation Pause)
[2023-04-06T20:04:57.690+0800][1.944s] GC(0) Using 12 workers of 15 for evacuation
[2023-04-06T20:04:57.695+0800][1.948s] GC(0)   Pre Evacuate Collection Set: 0.1ms
[2023-04-06T20:04:57.695+0800][1.948s] GC(0)   Merge Heap Roots: 0.1ms
[2023-04-06T20:04:57.695+0800][1.948s] GC(0)   Evacuate Collection Set: 3.2ms
[2023-04-06T20:04:57.695+0800][1.948s] GC(0)   Post Evacuate Collection Set: 0.7ms
[2023-04-06T20:04:57.695+0800][1.948s] GC(0)   Other: 1.5ms
[2023-04-06T20:04:57.695+0800][1.948s] GC(0) Eden regions: 29->0(41)
[2023-04-06T20:04:57.695+0800][1.948s] GC(0) Survivor regions: 0->4(4)
[2023-04-06T20:04:57.695+0800][1.948s] GC(0) Old regions: 0->0
[2023-04-06T20:04:57.695+0800][1.949s] GC(0) Archive regions: 0->0
[2023-04-06T20:04:57.695+0800][1.949s] GC(0) Humongous regions: 0->0
[2023-04-06T20:04:57.695+0800][1.949s] GC(0) Metaspace: 7651K(7936K)->7651K(7936K) NonClass: 6764K(6912K)->6764K(6912K) Class: 886K(1024K)->886K(1024K)
[2023-04-06T20:04:57.695+0800][1.949s] GC(0) Pause Young (Normal) (G1 Evacuation Pause) 29M->3M(512M) 6.195ms
[2023-04-06T20:04:57.695+0800][1.949s] GC(0) User=0.02s Sys=0.00s Real=0.01s
[2023-04-06T20:04:58.817+0800][3.070s] GC(1) Pause Young (Normal) (G1 Evacuation Pause)
[2023-04-06T20:04:58.817+0800][3.070s] GC(1) Using 15 workers of 15 for evacuation
[2023-04-06T20:04:58.828+0800][3.081s] GC(1)   Pre Evacuate Collection Set: 0.2ms
[2023-04-06T20:04:58.828+0800][3.081s] GC(1)   Merge Heap Roots: 0.1ms
[2023-04-06T20:04:58.828+0800][3.081s] GC(1)   Evacuate Collection Set: 9.4ms
[2023-04-06T20:04:58.828+0800][3.081s] GC(1)   Post Evacuate Collection Set: 0.7ms
[2023-04-06T20:04:58.828+0800][3.081s] GC(1)   Other: 0.3ms
[2023-04-06T20:04:58.828+0800][3.081s] GC(1) Eden regions: 41->0(141)
[2023-04-06T20:04:58.828+0800][3.081s] GC(1) Survivor regions: 4->6(6)
[2023-04-06T20:04:58.828+0800][3.081s] GC(1) Old regions: 0->9
[2023-04-06T20:04:58.828+0800][3.081s] GC(1) Archive regions: 0->0
[2023-04-06T20:04:58.828+0800][3.081s] GC(1) Humongous regions: 4->4
[2023-04-06T20:04:58.828+0800][3.081s] GC(1) Metaspace: 18439K(18752K)->18439K(18752K) NonClass: 16306K(16448K)->16306K(16448K) Class: 2133K(2304K)->2133K(2304K)
[2023-04-06T20:04:58.828+0800][3.081s] GC(1) Pause Young (Normal) (G1 Evacuation Pause) 48M->18M(512M) 10.995ms
[2023-04-06T20:04:58.828+0800][3.081s] GC(1) User=0.00s Sys=0.00s Real=0.01s
[2023-04-06T20:05:01.124+0800][5.378s] GC(2) Pause Young (Concurrent Start) (Metadata GC Threshold)
[2023-04-06T20:05:01.124+0800][5.378s] GC(2) Using 15 workers of 15 for evacuation
[2023-04-06T20:05:01.129+0800][5.383s] GC(2)   Pre Evacuate Collection Set: 0.2ms
[2023-04-06T20:05:01.130+0800][5.383s] GC(2)   Merge Heap Roots: 0.2ms
[2023-04-06T20:05:01.130+0800][5.383s] GC(2)   Evacuate Collection Set: 3.6ms
[2023-04-06T20:05:01.130+0800][5.383s] GC(2)   Post Evacuate Collection Set: 0.7ms
[2023-04-06T20:05:01.130+0800][5.383s] GC(2)   Other: 0.8ms
[2023-04-06T20:05:01.130+0800][5.383s] GC(2) Eden regions: 75->0(296)
[2023-04-06T20:05:01.130+0800][5.383s] GC(2) Survivor regions: 6->11(19)
[2023-04-06T20:05:01.130+0800][5.384s] GC(2) Old regions: 9->9
[2023-04-06T20:05:01.130+0800][5.384s] GC(2) Archive regions: 0->0
[2023-04-06T20:05:01.130+0800][5.384s] GC(2) Humongous regions: 4->4
[2023-04-06T20:05:01.130+0800][5.384s] GC(2) Metaspace: 21167K(21504K)->21167K(21504K) NonClass: 18744K(18944K)->18744K(18944K) Class: 2422K(2560K)->2422K(2560K)
[2023-04-06T20:05:01.130+0800][5.384s] GC(2) Pause Young (Concurrent Start) (Metadata GC Threshold) 93M->23M(512M) 5.894ms
[2023-04-06T20:05:01.130+0800][5.384s] GC(2) User=0.00s Sys=0.00s Real=0.01s
[2023-04-06T20:05:01.130+0800][5.384s] GC(3) Concurrent Mark Cycle
[2023-04-06T20:05:01.130+0800][5.384s] GC(3) Concurrent Clear Claimed Marks
[2023-04-06T20:05:01.130+0800][5.384s] GC(3) Concurrent Clear Claimed Marks 0.057ms
[2023-04-06T20:05:01.130+0800][5.384s] GC(3) Concurrent Scan Root Regions
[2023-04-06T20:05:01.133+0800][5.387s] GC(3) Concurrent Scan Root Regions 2.718ms
[2023-04-06T20:05:01.133+0800][5.387s] GC(3) Concurrent Mark
[2023-04-06T20:05:01.133+0800][5.387s] GC(3) Concurrent Mark From Roots
[2023-04-06T20:05:01.133+0800][5.387s] GC(3) Using 4 workers of 4 for marking
[2023-04-06T20:05:01.140+0800][5.394s] GC(3) Concurrent Mark From Roots 7.226ms
[2023-04-06T20:05:01.140+0800][5.394s] GC(3) Concurrent Preclean
[2023-04-06T20:05:01.140+0800][5.394s] GC(3) Concurrent Preclean 0.119ms
[2023-04-06T20:05:01.140+0800][5.394s] GC(3) Pause Remark
[2023-04-06T20:05:01.144+0800][5.397s] GC(3) Pause Remark 23M->23M(512M) 2.916ms
[2023-04-06T20:05:01.144+0800][5.397s] GC(3) User=0.00s Sys=0.00s Real=0.00s
[2023-04-06T20:05:01.144+0800][5.397s] GC(3) Concurrent Mark 10.669ms
[2023-04-06T20:05:01.144+0800][5.398s] GC(3) Concurrent Rebuild Remembered Sets
[2023-04-06T20:05:01.148+0800][5.401s] GC(3) Concurrent Rebuild Remembered Sets 3.584ms
[2023-04-06T20:05:01.148+0800][5.401s] GC(3) Pause Cleanup
[2023-04-06T20:05:01.148+0800][5.401s] GC(3) Pause Cleanup 23M->23M(512M) 0.177ms
[2023-04-06T20:05:01.148+0800][5.402s] GC(3) User=0.00s Sys=0.00s Real=0.00s
[2023-04-06T20:05:01.148+0800][5.402s] GC(3) Concurrent Cleanup for Next Mark
[2023-04-06T20:05:01.149+0800][5.402s] GC(3) Concurrent Cleanup for Next Mark 0.377ms
[2023-04-06T20:05:01.149+0800][5.402s] GC(3) Concurrent Mark Cycle 18.281ms
[2023-04-06T20:05:02.959+0800][7.213s] GC(4) Pause Young (Concurrent Start) (Metadata GC Threshold)
[2023-04-06T20:05:02.959+0800][7.213s] GC(4) Using 15 workers of 15 for evacuation
[2023-04-06T20:05:02.964+0800][7.217s] GC(4)   Pre Evacuate Collection Set: 0.1ms
[2023-04-06T20:05:02.964+0800][7.217s] GC(4)   Merge Heap Roots: 0.1ms
[2023-04-06T20:05:02.964+0800][7.217s] GC(4)   Evacuate Collection Set: 3.5ms
[2023-04-06T20:05:02.964+0800][7.217s] GC(4)   Post Evacuate Collection Set: 0.6ms
[2023-04-06T20:05:02.964+0800][7.217s] GC(4)   Other: 0.2ms
[2023-04-06T20:05:02.964+0800][7.217s] GC(4) Eden regions: 95->0(290)
[2023-04-06T20:05:02.964+0800][7.217s] GC(4) Survivor regions: 11->17(39)
[2023-04-06T20:05:02.964+0800][7.217s] GC(4) Old regions: 9->9
[2023-04-06T20:05:02.964+0800][7.217s] GC(4) Archive regions: 0->0
[2023-04-06T20:05:02.964+0800][7.217s] GC(4) Humongous regions: 5->4
[2023-04-06T20:05:02.964+0800][7.217s] GC(4) Metaspace: 35577K(35968K)->35577K(35968K) NonClass: 31378K(31552K)->31378K(31552K) Class: 4198K(4416K)->4198K(4416K)
[2023-04-06T20:05:02.964+0800][7.217s] GC(4) Pause Young (Concurrent Start) (Metadata GC Threshold) 119M->29M(512M) 4.571ms
[2023-04-06T20:05:02.964+0800][7.217s] GC(4) User=0.00s Sys=0.00s Real=0.00s
[2023-04-06T20:05:02.964+0800][7.217s] GC(5) Concurrent Mark Cycle
[2023-04-06T20:05:02.964+0800][7.218s] GC(5) Concurrent Clear Claimed Marks
[2023-04-06T20:05:02.964+0800][7.218s] GC(5) Concurrent Clear Claimed Marks 0.031ms
[2023-04-06T20:05:02.964+0800][7.218s] GC(5) Concurrent Scan Root Regions
[2023-04-06T20:05:02.966+0800][7.219s] GC(5) Concurrent Scan Root Regions 1.813ms
[2023-04-06T20:05:02.966+0800][7.219s] GC(5) Concurrent Mark
[2023-04-06T20:05:02.966+0800][7.219s] GC(5) Concurrent Mark From Roots
[2023-04-06T20:05:02.966+0800][7.219s] GC(5) Using 4 workers of 4 for marking
[2023-04-06T20:05:02.969+0800][7.223s] GC(5) Concurrent Mark From Roots 3.815ms
[2023-04-06T20:05:02.969+0800][7.223s] GC(5) Concurrent Preclean
[2023-04-06T20:05:02.969+0800][7.223s] GC(5) Concurrent Preclean 0.117ms
[2023-04-06T20:05:02.969+0800][7.224s] GC(5) Pause Remark
[2023-04-06T20:05:02.971+0800][7.226s] GC(5) Pause Remark 30M->30M(512M) 2.014ms
[2023-04-06T20:05:02.972+0800][7.226s] GC(5) User=0.00s Sys=0.00s Real=0.00s
[2023-04-06T20:05:02.972+0800][7.226s] GC(5) Concurrent Mark 6.302ms
[2023-04-06T20:05:02.972+0800][7.226s] GC(5) Concurrent Rebuild Remembered Sets
[2023-04-06T20:05:02.974+0800][7.228s] GC(5) Concurrent Rebuild Remembered Sets 1.919ms
[2023-04-06T20:05:02.975+0800][7.228s] GC(5) Pause Cleanup
[2023-04-06T20:05:02.975+0800][7.228s] GC(5) Pause Cleanup 30M->30M(512M) 0.121ms
[2023-04-06T20:05:02.975+0800][7.228s] GC(5) User=0.00s Sys=0.00s Real=0.00s
[2023-04-06T20:05:02.975+0800][7.228s] GC(5) Concurrent Cleanup for Next Mark
[2023-04-06T20:05:02.975+0800][7.229s] GC(5) Concurrent Cleanup for Next Mark 0.300ms
[2023-04-06T20:05:02.975+0800][7.229s] GC(5) Concurrent Mark Cycle 11.081ms
